#0 building with "multiarch" instance using docker-container driver

#1 [internal] load build definition from Dockerfile
#1 transferring dockerfile: 2.94kB done
#1 WARN: FromPlatformFlagConstDisallowed: FROM --platform flag should not use constant value "linux/amd64" (line 60)
#1 DONE 0.0s

#2 [internal] load metadata for docker.io/library/rockylinux:9.2.20230513
#2 DONE 0.4s

#3 [internal] load metadata for docker.io/library/rockylinux:9.2.20230513
#3 DONE 0.8s

#4 [internal] load .dockerignore
#4 transferring context: 2B done
#4 DONE 0.0s

#5 [amd64  1/14] FROM docker.io/library/rockylinux:9.2.20230513@sha256:b07e21a7bbcecbae55b9153317d333d4d50808bf5dc0859db0180b6fbd7afb3d
#5 resolve docker.io/library/rockylinux:9.2.20230513@sha256:b07e21a7bbcecbae55b9153317d333d4d50808bf5dc0859db0180b6fbd7afb3d 0.0s done
#5 DONE 0.1s

#6 [arm64  1/11] FROM docker.io/library/rockylinux:9.2.20230513@sha256:b07e21a7bbcecbae55b9153317d333d4d50808bf5dc0859db0180b6fbd7afb3d
#6 resolve docker.io/library/rockylinux:9.2.20230513@sha256:b07e21a7bbcecbae55b9153317d333d4d50808bf5dc0859db0180b6fbd7afb3d 0.0s done
#6 sha256:44f7b5160cc041b06bc13f0f584bd22148ea2f6dd65262cacc35f0515d4eabe7 0B / 63.51MB 0.0s
#6 ...

#7 [internal] load build context
#7 transferring context: 2.88MB 0.0s done
#7 DONE 0.1s

#8 [arm64  3/11] COPY shim-unsigned-aarch64-.src.rpm /root
#8 ERROR: failed to calculate checksum of ref lagvf1sus323nkfc583rnqe0s::lpt7qsexp15gjsp4t5w51u1xt: "/shim-unsigned-aarch64-.src.rpm": not found

#9 [amd64  3/14] COPY shim-unsigned-x64-.src.rpm /root
#9 ERROR: failed to calculate checksum of ref lagvf1sus323nkfc583rnqe0s::lpt7qsexp15gjsp4t5w51u1xt: "/shim-unsigned-x64-.src.rpm": not found

#10 [amd64  2/14] COPY rpmmacros /root/.rpmmacros
#10 CANCELED

#5 [amd64  1/14] FROM docker.io/library/rockylinux:9.2.20230513@sha256:b07e21a7bbcecbae55b9153317d333d4d50808bf5dc0859db0180b6fbd7afb3d
#5 sha256:1a5eb4db170197a9e7a55f381fc96161adb457b9147b368ea5e8064b786165b8 0B / 64.35MB 0.1s
#5 ...

#11 [stage-2 2/9] RUN dnf install -y pesign diffutils
#11 CANCELED

#12 [arm64  2/11] COPY rpmmacros /root/.rpmmacros
#12 CANCELED
------
 > [arm64  3/11] COPY shim-unsigned-aarch64-.src.rpm /root:
------
------
 > [amd64  3/14] COPY shim-unsigned-x64-.src.rpm /root:
------

 [33m1 warning found (use docker --debug to expand):
[0m - FromPlatformFlagConstDisallowed: FROM --platform flag should not use constant value "linux/amd64" (line 60)
Dockerfile:12
--------------------
  10 |     # Copy build configuration
  11 |     COPY rpmmacros /root/.rpmmacros
  12 | >>> COPY shim-unsigned-x64-.src.rpm /root
  13 |     RUN rpm -ivh /root/shim-unsigned-x64-.src.rpm
  14 |     
--------------------
ERROR: failed to build: failed to solve: failed to compute cache key: failed to calculate checksum of ref lagvf1sus323nkfc583rnqe0s::lpt7qsexp15gjsp4t5w51u1xt: "/shim-unsigned-x64-.src.rpm": not found
