gpg-pubkey-350d275d-6279464b 1652115019 0 (none) installed
rust-srpm-macros-17-4.el9.noarch 1652267604 2447 f473eb960de326eea8285ce84d1e7972 installed
qt5-srpm-macros-5.15.9-1.el9.noarch 1698510920 492 f878432102092d87bbdbb2e936f8378b installed
perl-srpm-macros-1-41.el9.noarch 1652557781 862 52f1bf91c8b58cea8094d6e3be4c7f0e installed
openblas-srpm-macros-2-11.el9.noarch 1652484909 104 d4f8d1073512b1b0c44f95a04285ce97 installed
ocaml-srpm-macros-6-6.el9.noarch 1652800868 745 73be47bd06ff2934c420576ab4426d56 installed
ghc-srpm-macros-1.5.0-6.el9.noarch 1652267567 535 71fed58726c9a4e11b4ca5eeec6adfe4 installed
tzdata-2025c-1.el9.noarch 1766001194 1914371 e143a80009058460b3b3fcd48a6ff67a installed
rocky-gpg-keys-9.7-1.4.el9.noarch 1767082193 4909 af9180e7ed3374c750e4337009e6d7e8 installed
rocky-release-9.7-1.4.el9.noarch 1767082193 22820 6ff74195b24a14860efe0f4e90d9abb0 installed
rocky-repos-9.7-1.4.el9.noarch 1767082193 15811 64df64aa6e405aa784de27c29f58032f installed
setup-2.13.7-10.el9.noarch 1712520949 725932 69bddb22c48ee24373556f12566c97fe installed
filesystem-3.16-5.el9.x86_64 1730597381 106 7306685389960cd7154aa097b83c47ce installed
basesystem-11-13.el9.0.1.noarch 1709228238 0 f879a2f8e19c7d73507d01111e899ca0 installed
publicsuffix-list-dafsa-20210518-3.el9.noarch 1652444449 68815 d1ed826a6c010597e8edb6dc130b0901 installed
pkgconf-m4-1.7.3-10.el9.noarch 1681536714 14187 12b061c94e3a733e9c1e8921ea590501 installed
pcre2-syntax-10.40-6.el9.noarch 1730814444 234324 10212dbd923fec1f2151d4ef16754dc3 installed
ncurses-base-6.2-12.20210508.el9.noarch 1762143033 307293 7b155cc38964315829a723729faf39da installed
ncurses-libs-6.2-12.20210508.el9.x86_64 1762143038 994399 72f688c695e13a539523baa4859b6079 installed
bash-5.1.8-9.el9.x86_64 1714476567 7738730 5d975b56a64ca3b035f8191eba908139 installed
libgcc-11.5.0-11.el9.x86_64 1761681710 207132 77803b11ecf93bf5ba7024ced80ff0b4 installed
glibc-gconv-extra-2.34-231.el9_7.10.x86_64 1771491884 8122892 e1306dfc8a0df47b5bf1a6df64ea8744 installed
glibc-minimal-langpack-2.34-231.el9_7.10.x86_64 1771491884 0 158b1ca611d059cdbdaffd1363995197 installed
glibc-common-2.34-231.el9_7.10.x86_64 1771491884 1081382 c034d86a9a1553f622792108109c2df2 installed
glibc-2.34-231.el9_7.10.x86_64 1771491884 6461291 9e441cde951d662f12771959a6d8c181 installed
zlib-1.2.11-40.el9.x86_64 1698484642 202921 769b855a81f624aff2c4d5d5f7b85874 installed
xz-libs-5.2.5-8.el9_0.x86_64 1655269093 181573 078cdcb6e241d5bae897e8ffbe5abc12 installed
bzip2-libs-1.0.8-10.el9_5.x86_64 1738673301 78228 105251a34ba7200503c7b1719488abca installed
libzstd-1.5.5-1.el9.x86_64 1745698543 773750 83f03d9173837806c24c1debe0c19430 installed
elfutils-libelf-0.193-1.el9.rocky.0.1.x86_64 1764722559 1220304 e721de4b9f6e5384897cf9433e71d8f2 installed
libstdc++-11.5.0-11.el9.x86_64 1761681710 2585617 2dc10f13bb6f3ef23dc1b9add1d4ce5c installed
libxcrypt-4.4.18-3.el9.x86_64 1653510262 270716 009b94ca2e493d96aa69f2cf33ea75bc installed
libuuid-2.37.4-21.el9_7.x86_64 1772556995 38005 92f43195adcdab4ae50cdb860097f446 installed
gmp-1:6.2.0-13.el9.x86_64 1699048080 816844 774609cd79716dc0d9b8d99d2db05d5b installed
libattr-2.5.1-3.el9.x86_64 1653510145 29445 1592052a48688a467ac8c10809b4c1e9 installed
libacl-2.3.1-4.el9.x86_64 1712682705 40674 5fde7da3b371015dd2e8ff6378b3e9fb installed
libcap-2.48-10.el9.x86_64 1762155038 177455 021d0404f6cc7455e71a51d3a6b7b3a7 installed
popt-1.18-8.el9.x86_64 1652704144 130376 c6ee753abf2608135eef84c6543c4713 installed
libcom_err-1.46.5-8.el9.x86_64 1762159235 68401 65cc0a856d04980a81d0ec59fcab3a3c installed
lz4-libs-1.9.3-5.el9.x86_64 1652703415 145507 cfdb2734e4e037ef811fa970b2a41ddd installed
readline-8.1-4.el9.x86_64 1652703611 492900 66ec97b30c4ebb8b6e3cd340d919dcd3 installed
crypto-policies-20250905-1.git377cc42.el9.noarch 1761884422 101000 0d58514c6853e073ad29a2148f73001f installed
mpfr-4.1.0-7.el9.x86_64 1653510195 802587 74619be075ab6bbc6f6f3eb27869ac7e installed
dwz-0.16-1.el9.x86_64 1762115825 293364 b7291dfbbbba4fd7c877eb4a00357f70 installed
unzip-6.0-59.el9.x86_64 1762118209 398483 f8c184c5c9b7c3cef6bb2b8bc0884481 installed
file-libs-5.39-16.el9.x86_64 1713229404 8086748 8a6abd7e8541ba109fc0feec729f6280 installed
file-5.39-16.el9.x86_64 1713229404 102664 4a8b0de2bef2340189fb3e64f8cfe0e8 installed
sqlite-libs-3.34.1-9.el9_7.x86_64 1762883836 1372976 c9024e11e64e8157a1a194f12afe6473 installed
alternatives-1.24-2.el9.x86_64 1745625881 63313 5832caf6730301817da8e513d9fca84f installed
libcap-ng-0.8.2-7.el9.x86_64 1652703377 75196 45dc2b2ff774e4f4e94f7c354dd56e74 installed
audit-libs-3.1.5-7.el9.x86_64 1762031521 338497 8a5c6cb18a1287886c1985a4b598f94b installed
libffi-3.4.2-8.el9.x86_64 1698571420 65761 67a9fdf44690673ca2034843b2459a18 installed
libsepol-3.6-3.el9.x86_64 1761883404 829179 ec24197b536785f1603339aba9201d6b installed
libsigsegv-2.13-4.el9.x86_64 1652567842 50354 06625e6afe8f42ae91ba0e98dfa9e222 installed
gawk-5.1.0-6.el9.x86_64 1652446843 1685670 6a721f681e66961ab13ef1288f028e22 installed
libsmartcols-2.37.4-21.el9_7.x86_64 1772556995 134787 de1c13be5c9c60425840890d71a344d9 installed
libtasn1-4.16.0-9.el9.x86_64 1746407351 183364 8e066650d1ba8c35354d80f422fbb9d4 installed
p11-kit-0.25.3-3.el9_5.x86_64 1734466104 2530659 bd2aaa574f26d49d8699711ca9befc0a installed
libunistring-0.9.10-15.el9.x86_64 1652703686 1643051 354dedb80398de4afb10e8e3806bc5da installed
libidn2-2.3.0-7.el9.x86_64 1652703429 253476 b212886c674f27c872317e6ee6855977 installed
lua-libs-5.4.4-4.el9.x86_64 1697607316 287323 32deba31381adab09c4376aa86a7f2f5 installed
libpsl-0.21.1-5.el9.x86_64 1653510225 78616 cc480e6508a7637917397ee92fede3a0 installed
p11-kit-trust-0.25.3-3.el9_5.x86_64 1734466104 478116 2dfd361825d159f907ba4294ea187ee8 installed
zip-3.0-35.el9.x86_64 1682535986 741151 12a2063a23942b9626bc54af762d1769 installed
zstd-1.5.5-1.el9.x86_64 1745698543 1672453 9bf8ac4e16254ef48a77dcaf3af5ff8d installed
groff-base-1.22.4-10.el9.0.1.x86_64 1763513386 4025398 07cc850c55c40771cf66526d8e05c4e8 installed
bzip2-1.0.8-10.el9_5.x86_64 1738673301 95088 61ee3f020508b2ba1c2c910d786365b9 installed
libxml2-2.9.13-14.el9_7.x86_64 1764572982 1959268 da8f3e5f1351d764468c4c41bdbeb711 installed
info-6.7-15.el9.x86_64 1652703914 508027 9065cd2c5f7bf7c4203969e66fe0f4fe installed
ed-1.14.2-12.el9.x86_64 1652567904 129931 19769aef4345277f58192dedc6418bfc installed
cpio-2.13-16.el9.x86_64 1652704061 1088176 92b5a0e69a90cb4cdd561954ef2f92e6 installed
diffutils-3.7-12.el9.x86_64 1652899808 1467877 3fbd27f737957ccf8bc68713319471db installed
gdbm-libs-1:1.23-1.el9.x86_64 1730633640 128586 2e41ba837321388b4083b00cf1b13c2d installed
json-c-0.14-11.el9.x86_64 1653563011 79034 da1e9eaa62fe800979c80a5c7b8a8d95 installed
keyutils-libs-1.6.3-1.el9.x86_64 1681766930 55267 b280a8e5cca83fc5e3df0704a38e180f installed
libbrotli-1.0.9-9.el9_7.x86_64 1770309653 782170 747dc29aaa5a740fca5fbe9cdd421467 installed
libdb-5.3.28-57.el9_6.x86_64 1750787857 1897918 3a7bfed326794eaffd65145bbb761c53 installed
libeconf-0.4.1-4.el9.x86_64 1730668700 45803 dde72fce8cab774393607423627cf75c installed
libgomp-11.5.0-11.el9.x86_64 1761681710 421709 dc3faeb12a4e9343b0326e9f8983b22b installed
libgpg-error-1.42-5.el9.x86_64 1653510224 837056 99c44f4fadc8f9a9103d47e9b21d2620 installed
libgcrypt-1.10.0-11.el9.x86_64 1730827001 1398386 ffb8d9ceca3acfe65d9a6b63bec43c7d installed
libnghttp2-1.43.0-6.el9.x86_64 1730634531 169892 d9e0dd70c13cd43a8bf65d1987cf8a92 installed
libpkgconf-1.7.3-10.el9.x86_64 1681536714 75425 5d8bf5d30b338e5cddf9ac38db81428b installed
pkgconf-1.7.3-10.el9.x86_64 1681536714 77890 6d4afc2fa1090836b5e24e8ab21be4a6 installed
pkgconf-pkg-config-1.7.3-10.el9.x86_64 1681536714 1203 22a1213f2869406a12ca4174b5dd103e installed
libtool-ltdl-2.4.6-46.el9.x86_64 1730750162 71568 4333a6ae7619c1298d558871703f1d5b installed
libverto-0.3.2-3.el9.x86_64 1652703457 30381 ab20fd3e76a7e65cda2205582d56669d installed
ncurses-6.2-12.20210508.el9.x86_64 1762143038 624684 888a2ed8bed7b53e1851b1de0d370b4d installed
pcre-8.44-4.el9.x86_64 1730670020 537720 765a3e0316de46e3db520b432fa941ac installed
grep-3.6-5.el9.x86_64 1652712553 857864 98d808fd3d09606215d7de3258c9f1a9 installed
xz-5.2.5-8.el9_0.x86_64 1655269093 685931 32384d0037322e70b1394d34df5d71ab installed
pcre2-10.40-6.el9.x86_64 1730814444 652282 c8398a0fca8168e4647c255f832ee865 installed
libselinux-3.6-3.el9.x86_64 1745448387 176733 15b7329babbe9bf9e9b4c4c8a0f7fd8c installed
sed-4.8-9.el9.x86_64 1652712399 813607 415f8fb73ee020b229344cba9cfc297d installed
findutils-1:4.8.0-7.el9.x86_64 1730774702 1757014 ef5887254f0c0875fa3f2490f8a4f859 installed
libsemanage-3.6-5.el9_6.x86_64 1745449163 307182 31d26d29f5b1c9ba079fb35c73aa1615 installed
shadow-utils-2:4.9-15.el9.x86_64 1762377014 3812570 d645442718019cb73c4516800a321387 installed
libutempter-1.2.1-6.el9.x86_64 1652703699 59433 c8a01f5605facb680c8781954f73e338 installed
tar-2:1.34-9.el9_7.x86_64 1767004056 3159729 258307fe6d1c4f5a6da60cf787fc0b2a installed
patch-2.7.6-16.el9.x86_64 1652704128 265546 bdfc6d2c361a1fc7c381fea53c0a76ac installed
elfutils-default-yama-scope-0.193-1.el9.rocky.0.1.noarch 1764722559 1810 95cb14c993bb8afe8c46134c654233de installed
elfutils-libs-0.193-1.el9.rocky.0.1.x86_64 1764722559 751693 3ee02fd9a5584f9373fd9faed6632a3a installed
libssh-config-0.10.4-17.el9_7.noarch 1766045616 277 ee713a2ae09a8c25f3f7208edf90487b installed
coreutils-common-8.32-39.el9.x86_64 1746174598 10880476 ecbe915007226780e3481fb1423dd4f6 installed
openssl-fips-provider-1:3.5.1-7.el9_7.x86_64 1769629772 2591522 61638f3dd0821d0744a66362beb483ad installed
openssl-libs-1:3.5.1-7.el9_7.x86_64 1769629772 7470323 b7f35fe7d58cc855bff73e967c3f6c1f installed
coreutils-8.32-39.el9.x86_64 1746174598 5966226 0a42e50672f4f3aba4d9820e05b8ca43 installed
ca-certificates-2025.2.80_v9.0.305-91.el9.noarch 1763684820 2791711 d83ff6a833abe330f77c2b4586421c66 installed
libblkid-2.37.4-21.el9_7.x86_64 1772556995 229721 703a89a33267cba03a5db4620ea5821f installed
krb5-libs-1.21.1-8.el9_6.x86_64 1750794804 2503193 423b44f3483b0a9a00eab24761ccf837 installed
libmount-2.37.4-21.el9_7.x86_64 1772556995 318333 b0928fed766df7fc502d111efa189dd5 installed
gzip-1.12-1.el9.x86_64 1667088950 377005 c3b6a711959934acd5bde6ee77091d4f installed
cracklib-2.9.6-27.el9.x86_64 1654018888 251890 9e558ac1727da7b9f6ecabf18a83daa1 installed
systemd-libs-252-55.el9_7.7.rocky.0.1.x86_64 1764777617 1814832 3f882a79e1fca97d62e5e83901bd3d5f installed
libarchive-3.5.3-6.el9_6.x86_64 1755683825 906150 a703c2fcf15e91c0440a636b5fd70a22 installed
util-linux-core-2.37.4-21.el9_7.x86_64 1772556995 1262807 7561ef94b8c1ab71dbbee1f743e25726 installed
cracklib-dicts-2.9.6-27.el9.x86_64 1654018888 9815154 12acec65b7f9b7b688070dc47712c208 installed
cyrus-sasl-lib-2.1.27-21.el9.x86_64 1681491786 2380296 f75fe2d474957477a7aa070621dad34e installed
libssh-0.10.4-17.el9_7.x86_64 1766045616 535755 2dd1df963df3816e81d0fb6c75f7b522 installed
libfdisk-2.37.4-21.el9_7.x86_64 1772556995 367771 7f08853c1bf8551874f2a17f54400f7d installed
perl-Digest-1.19-4.el9.0.1.noarch 1763514196 36844 a11113316fe662654b12ec84df6d6b27 installed
perl-Digest-MD5-2.58-4.el9.x86_64 1652703781 61530 12bfc64ff312fa435f1de2e068508db2 installed
perl-B-0:1.80-481.1.el9_6.x86_64 1753721386 504453 1f57a1daef3fb85121f91964a3bc994d installed
perl-FileHandle-0:2.03-481.1.el9_6.noarch 1753721386 10531 fd3dc680472d27cf02d7494179784cb3 installed
perl-Data-Dumper-2.174-462.el9.x86_64 1652703890 111885 3aa2e656fe92cf1ed66d60f77aea3fce installed
perl-libnet-3.13-4.el9.noarch 1652267711 299357 5cad22704f22db0d115e4f8d698810a0 installed
perl-AutoLoader-0:5.74-481.1.el9_6.noarch 1753721386 22038 9f58c103fadd4368a4dd443b16843642 installed
perl-base-0:2.27-481.1.el9_6.noarch 1753721386 13820 1d86694e12c93a8738a175f1c779e6f6 installed
perl-URI-5.09-3.el9.0.1.noarch 1763514935 216915 458c5584e97d3af7b786ad3f38566d40 installed
perl-if-0:0.60.800-481.1.el9_6.noarch 1753721386 6875 38aef3b2cf57f279e2a6661c03b656a1 installed
perl-IO-Socket-IP-0.41-5.el9.noarch 1652267587 100240 e15309272bc8233c371974031d4038f4 installed
perl-Time-Local-2:1.300-7.el9.noarch 1652267583 67344 1ceb12a5fab9494f14aeeae4f98974f8 installed
perl-File-Path-2.18-4.el9.noarch 1652267626 65333 0913f114ee7544e2c36b3c1306b3cacd installed
perl-IO-Socket-SSL-2.073-2.el9.noarch 1730761568 616300 cb9d5e58fbe6d47b52744c67b088b98c installed
perl-Net-SSLeay-1.94-3.el9.x86_64 1762102586 1520289 001848fd9f8a8c4f66d831638949cbff installed
perl-Pod-Escapes-1:1.07-460.el9.0.1.noarch 1763514604 25764 c6c94dde8b8c16ea0d9ae66e0ef4a4cb installed
perl-Text-Tabs+Wrap-2013.0523-460.el9.0.1.noarch 1763514898 24828 76fdb8715ee5a07495562548bbf66d63 installed
perl-Mozilla-CA-20200520-6.el9.noarch 1652703889 5866 379218f96763af378c71e840443183f8 installed
perl-Class-Struct-0:0.66-481.1.el9_6.noarch 1753721386 26954 3202ccab5e6c6b0db803a7842e6b83f5 installed
perl-POSIX-0:1.94-481.1.el9_6.x86_64 1753721386 240028 b0ff90ba4108a40c7242242b8e60daf8 installed
perl-Term-ANSIColor-5.01-461.el9.0.1.noarch 1763514834 100303 a1860327f42a070371b2cd671cd980be installed
perl-IPC-Open3-0:1.21-481.1.el9_6.noarch 1753721386 25047 bf64fe9fd2a4ef3945b15240d570bfd3 installed
perl-subs-0:1.03-481.1.el9_6.noarch 1753721386 3061 977f2c5a42f9f04cf7b0c0959df94842 installed
perl-File-Temp-1:0.231.100-4.el9.noarch 1652801313 166550 f59e524679a0053d68e5543e8e7e314f installed
perl-Term-Cap-1.17-460.el9.0.1.noarch 1763514692 29851 a02eda5eb74278d88ac2f9fc1abd326f installed
perl-Pod-Simple-1:3.42-4.el9.noarch 1652267663 577293 82d3854aa1de3ebb86a9312a6340e90f installed
perl-HTTP-Tiny-0.076-462.el9.noarch 1713427031 150675 c0d71e59cd5878a35fb4e106c7f2a7b7 installed
perl-Socket-4:2.031-4.el9.x86_64 1653563160 124985 249702354e9054c64a9e9e44c213ec96 installed
perl-SelectSaver-0:1.02-481.1.el9_6.noarch 1753721386 3171 a98d550fd36618409ba5dd24196a1527 installed
perl-Symbol-0:1.08-481.1.el9_6.noarch 1753721386 7848 a945d62472a270e999af3dc901779584 installed
perl-File-stat-0:1.09-481.1.el9_6.noarch 1753721386 13950 5b79bd7181b0a897d60b6e38b47ee79d installed
perl-podlators-1:4.14-460.el9.0.1.noarch 1763515024 288742 8635014cbb4597f185f7124e77ecdb1b installed
perl-Pod-Perldoc-3.28.01-461.el9.noarch 1652267564 170960 83cda205537bd2ad32547af109e20f11 installed
perl-Fcntl-0:1.13-481.1.el9_6.x86_64 1753721386 30125 b71b4e94c5b6d4773921aac73a7bbbde installed
perl-Text-ParseWords-3.30-460.el9.noarch 1652267600 13101 f0cff9642d107f0207c44c00e68af130 installed
perl-mro-0:1.23-481.1.el9_6.x86_64 1753721386 43476 159cfe5bc49c6df0dc698f2c6e2ca03e installed
perl-IO-0:1.43-481.1.el9_6.x86_64 1753721386 163146 8cace3ce9b7aefd379cec1acd8a7e2a7 installed
perl-overloading-0:0.02-481.1.el9_6.noarch 1753721386 5894 4b9f641f5e1352cdc8ddaafa21439118 installed
perl-Pod-Usage-4:2.01-4.el9.noarch 1652267606 87186 98f6af2a3d64753ac904d5d9407e878e installed
perl-Errno-0:1.30-481.1.el9_6.x86_64 1753721386 9536 5a282c90f78631504f5802de659b98cd installed
perl-File-Basename-0:2.85-481.1.el9_6.noarch 1753721386 15340 6057464999c6d7b6b1a8d893d76bd38b installed
perl-Getopt-Std-0:1.12-481.1.el9_6.noarch 1753721386 12107 60128235c0831ee80bcc79541665872d installed
perl-MIME-Base64-3.16-4.el9.x86_64 1652703869 48153 79131d65e200b0c6e64dc18850ff8a06 installed
perl-Scalar-List-Utils-4:1.56-462.el9.x86_64 1730629655 143128 25431cd814537699d04a6bd116464a28 installed
perl-constant-1.33-461.el9.0.1.noarch 1763515053 27104 f35cd6a19158668ed3856b33884d936d installed
perl-Storable-1:3.21-460.el9.x86_64 1652704072 228556 f562f7fa711e68402776f692f3add570 installed
perl-overload-0:1.31-481.1.el9_6.noarch 1753721386 72822 91186cacedc81dfe85381da01627ee4d installed
perl-parent-1:0.238-460.el9.noarch 1653563243 9535 cd964be73bdf6940a87b3d0fe0476847 installed
perl-vars-0:1.05-481.1.el9_6.noarch 1753721386 4927 48d8ec93b2b169381b601ee9504284e3 installed
perl-Getopt-Long-1:2.52-4.el9.noarch 1652267711 139937 d27908b132dda891df7dc6951fa2c34b installed
perl-Carp-1.50-460.el9.0.1.noarch 1763514331 47889 abfd0a7186623c8c3ade066b63d9df5a installed
perl-Exporter-5.74-461.el9.noarch 1652267594 55359 c01c2a31a2561b748052cc0463c35215 installed
perl-PathTools-3.78-461.el9.x86_64 1652704061 182542 835426614e155f37f1ffa650efe6de40 installed
perl-Encode-4:3.08-462.el9.x86_64 1652703595 10240082 cf3cbbaf60be22194fd1dae2a20da92a installed
perl-libs-4:5.32.1-481.1.el9_6.x86_64 1753721386 8953973 c071ac9e460132c8752cd07c836ab126 installed
perl-interpreter-4:5.32.1-481.1.el9_6.x86_64 1753721386 120086 776fe5177ff52565dc20c394dfd94415 installed
kernel-srpm-macros-1.0-14.el9.noarch 1761675918 16948 247198282ea72b12664b7f5c5acfe2c6 installed
openssl-1:3.5.1-7.el9_7.x86_64 1769629772 2263609 1437ffe3f226c79f0e9ced2b371b6ac2 installed
libpwquality-1.4.4-8.el9.x86_64 1653510445 416416 fca0191f7104f50acf34e27c0fb604a8 installed
pam-1.5.1-26.el9_6.x86_64 1756910561 1907540 b395ec5681ea90955b0d1a5e3a49de05 installed
libevent-2.1.12-8.el9_4.x86_64 1725400962 928090 d9405087fd87d67381a1f397a7e25664 installed
openldap-2.6.8-4.el9.0.1.x86_64 1746849525 1085433 d6eeb39b5a1a6617fb438717dc519ecb installed
libcurl-7.76.1-35.el9_7.3.x86_64 1769563995 667534 cedfb44fde8998e3f72220d9960fe398 installed
elfutils-debuginfod-client-0.193-1.el9.rocky.0.1.x86_64 1764722559 81154 b7e37afbef8453481b3b571f00ffe461 installed
binutils-gold-2.35.2-67.el9_7.1.x86_64 1766096103 2128619 023a79a841f39d90b74c84d09a6311dc installed
binutils-2.35.2-67.el9_7.1.x86_64 1766096103 25215163 cda5e16ee9e27ba339192f6bfd71e8b7 installed
elfutils-0.193-1.el9.rocky.0.1.x86_64 1764722559 3421766 859c7303d411818876e971ad1a5a6f29 installed
gdb-minimal-16.3-2.el9.x86_64 1761850643 15226281 1b03ec4b25a19f20a01d4820bdf5c48f installed
debugedit-5.0-11.el9.x86_64 1762116269 194614 952c172e9aa1ed92551b65f98d2c9505 installed
curl-7.76.1-35.el9_7.3.x86_64 1769563995 684513 782d9fa38fe5344c533327540a318b31 installed
rpm-4.16.1.3-39.el9.x86_64 1761875033 2750478 f3931592da0e928b9daf2c251ef7eee7 installed
rpm-libs-4.16.1.3-39.el9.x86_64 1761875033 773132 768f539586b50b309e5116b32cfb8c98 installed
rpm-build-libs-4.16.1.3-39.el9.x86_64 1761875033 198430 ba01d44123a6ecf8826896f1e6d3e2ba installed
efi-srpm-macros-6-4.el9.noarch 1761675210 41043 fbb5241da61a9803c97c5faebdca409c installed
lua-srpm-macros-1-6.el9.noarch 1652484897 1314 870f5bd7a9f316ac2a42d6cda3bc6d41 installed
fonts-srpm-macros-1:2.0.5-7.el9.1.noarch 1652446192 56503 356003bd30cda7187d766cba0c547d8c installed
go-srpm-macros-3.6.0-13.el9_7.noarch 1772566090 62484 d32d75b11a7321e220ec65282729a717 installed
python-srpm-macros-3.9-54.el9.noarch 1730432328 37605 69d130ef9a21da361859ceeacf238881 installed
pyproject-srpm-macros-1.16.2-1.el9.noarch 1745286807 1952 96c50e62d638304e39b582e0e3516e5d installed
redhat-rpm-config-210-1.el9.noarch 1761940807 189489 979b3e97c1d85b8552cbd4f6f89cf9bc installed
rpm-build-4.16.1.3-39.el9.x86_64 1761875033 150073 fd6be0e485cdb453a7ba5d907f57dee4 installed
util-linux-2.37.4-21.el9_7.x86_64 1772556995 11147118 7302edfdbd843cdb6f5a1a8dee3491be installed
which-2.21-30.el9_6.x86_64 1754420429 81900 0e055838636b786507f4a6c791bd7bb8 installed
nspr-4.36.0-4.el9_4.x86_64 1757427010 320992 dcfab3cc4637254ffe9f67b5f2ec72c4 installed
nss-util-3.112.0-4.el9_4.x86_64 1757427010 238040 5821207907d07b2216e785b290d7382c installed
libmpc-1.2.1-4.el9.x86_64 1652484974 138637 9d370c48a81c56b99bdb7c4d0aae607e installed
libedit-3.1-38.20210216cvs.el9.x86_64 1698867426 251839 82d03f76417695578b5140e36da31fb2 installed
expat-2.5.0-5.el9_7.1.x86_64 1764175539 313395 ab2a84a1a0b96c16d7bc19493a20a25c installed
cpp-11.5.0-11.el9.x86_64 1761681710 30662262 8c2641b1830d9fc7321db4a789be17a5 installed
nss-softokn-freebl-3.112.0-4.el9_4.x86_64 1757427010 1116662 b0473efa9672926308676375250f85fb installed
nss-softokn-3.112.0-4.el9_4.x86_64 1757427010 1351027 bcaef9c1af2578c1e54b11294c80e2b9 installed
zlib-devel-1.2.11-40.el9.x86_64 1698484642 141092 9325f0685121d840e7b36ece07cf7b42 installed
perl-lib-0:0.65-481.1.el9_6.x86_64 1753721386 9673 5d95a95b5fd200e5aa9945a2ae5bf6ad installed
perl-File-Find-0:1.37-481.1.el9_6.noarch 1753721386 39639 579da6e2590f13c80741c1d80222ad74 installed
perl-Error-1:0.17029-7.el9.0.1.noarch 1763514633 79692 08323e60913c643d879bf7140784ac46 installed
perl-DynaLoader-0:1.47-481.1.el9_6.x86_64 1753721386 33066 f883a1ab6d13e5bfaf68eaf4418740a7 installed
perl-TermReadKey-2.38-11.el9.x86_64 1652703717 66306 2388c75bfbcc2bbe4d6ad168b1c076d9 installed
llvm-filesystem-20.1.8-3.el9.x86_64 1761839833 0 8a73100e6104985835d17af870ac7a86 installed
llvm-libs-20.1.8-3.el9.x86_64 1761839833 129140495 4f2eb7f6460186452c52fc4e54d30fa8 installed
libzstd-devel-1.5.5-1.el9.x86_64 1745698543 202817 323ad70083cdea8b442ac8e72912f193 installed
kernel-headers-5.14.0-611.36.1.el9_7.x86_64 1772552602 6542797 8fadd7b5d0801f6789c7980a2d9acd4f installed
glibc-headers-2.34-231.el9_7.10.x86_64 1771491884 2181490 d2a4edd9f429305558fe39e19f0c1579 installed
libxcrypt-devel-4.4.18-3.el9.x86_64 1653510262 31019 fda458b53a75fcd4b21c7f7e2b02e461 installed
glibc-devel-2.34-231.el9_7.10.x86_64 1771491884 47544 43f4916d4ed4e4612743b3c8f11be646 installed
emacs-filesystem-1:27.2-18.el9.noarch 1762134342 0 d27b7af6118989745d29f1736cfb944a installed
python3-setuptools-wheel-53.0.0-15.el9.noarch 1761979940 562657 ec6c2f8358b4ef5df1a59df1d488a13d installed
python3-pip-wheel-21.3.1-1.el9.noarch 1730650703 1232804 a3d61a41cd4b76c13e2b6b2c6df65455 installed
python3-3.9.25-3.el9_7.x86_64 1770028708 32836 17137310e33605ff21fb6f3741e4b8f9 installed
python3-libs-3.9.25-3.el9_7.x86_64 1770028708 33022987 c53a2f8c89b40acedba40af8d1ba5da2 installed
crypto-policies-scripts-20250905-1.git377cc42.el9.noarch 1761884422 271982 c07166c886b607bec0f91ce2da8c3f8e installed
nss-sysinit-3.112.0-4.el9_4.x86_64 1757427010 18178 2a21ac3c07f9993881dadd4699e25b98 installed
nss-3.112.0-4.el9_4.x86_64 1757427010 1980933 74b0a5a5cc85954dcec55d9887787d76 installed
nss-tools-3.112.0-4.el9_4.x86_64 1757427010 1410079 58515652f401a8ee127605372376db89 installed
openssh-8.7p1-47.el9_7.rocky.0.1.x86_64 1766001320 1991764 581ee7bcb7521322cd96c2bf9d29b831 installed
make-1:4.3-8.el9.x86_64 1713688249 1719814 8cb0facf22181efda18b2ad4f29ce8a2 installed
gcc-11.5.0-11.el9.x86_64 1761681710 89940588 315068cb65b0d618978ce2dd8eab236d installed
libcbor-0.7.0-5.el9.x86_64 1653563037 100001 e7a300d3feeed5ec45c3787ade0ba026 installed
libfido2-1.13.0-2.el9.x86_64 1713162896 246846 0da5439c070bb07c79f205e19a033e26 installed
openssh-clients-8.7p1-47.el9_7.rocky.0.1.x86_64 1766001320 2145629 1bbee8f37bc86b141a6a2a12c118f0bb installed
less-590-6.el9.x86_64 1762152214 364648 b3d2bdfd18d176e53ae2d630afbe4d93 installed
git-core-2.47.3-1.el9_6.x86_64 1753188195 23082916 bdf4e5ff11473e07e290ce8e0ed7f335 installed
git-core-doc-2.47.3-1.el9_6.noarch 1753188195 18245498 1fcffeaf5c98be6fd05f45fe08eb5876 installed
perl-Git-2.47.3-1.el9_6.noarch 1753188195 66605 b9b54110694e4c1506e5e6a6d9a2caa2 installed
git-2.47.3-1.el9_6.x86_64 1753188195 87950 baa88fdabb9754db44ddb45aa5da093f installed
efivar-libs-38-3.el9.x86_64 1682294971 375306 d346ce1cc99b463038c89dfedc4d07b9 installed
pesign-115-6.el9_1.rocky.2.x86_64 1678119758 828382 e130d4552a2876781543892fc0c6a018 installed
annobin-12.98-1.el9.x86_64 1761858764 1225082 cac6ac6096eeaa85df3bbca0b97b627d installed
gcc-plugin-annobin-11.5.0-11.el9.x86_64 1761681710 57762 0d6d4f306e8e095f4d107d93460d7be4 installed
elfutils-libelf-devel-0.193-1.el9.rocky.0.1.x86_64 1764722559 51150 0ec38c9bff076e6970ea6202577861bd installed
openssl-devel-1:3.5.1-7.el9_7.x86_64 1769629772 5537260 861c691d500ba8fb4b89eb1a6dd57376 installed
dos2unix-7.4.2-4.el9.x86_64 1652703907 708167 357d3d476cb6ee76d0a1456b5784e190 installed
