INFO buildroot.py:667:  Mock Version: 6.6
DEBUG file_util.py:18:  ensuring that dir exists: /var/lib/mock/centos-7-x86_64_ciqshim/root
DEBUG file_util.py:21:  created dir: /var/lib/mock/centos-7-x86_64_ciqshim/root
DEBUG file_util.py:18:  ensuring that dir exists: /var/lib/mock/centos-7-x86_64_ciqshim-bootstrap
DEBUG file_util.py:18:  ensuring that dir exists: /var/lib/mock/centos-7-x86_64_ciqshim-bootstrap
DEBUG file_util.py:18:  ensuring that dir exists: /var/lib/mock/centos-7-x86_64_ciqshim-bootstrap/root
DEBUG file_util.py:18:  ensuring that dir exists: /var/lib/mock/centos-7-x86_64_ciqshim-bootstrap/results
INFO buildroot.py:318:  calling preinit hooks
DEBUG file_util.py:18:  ensuring that dir exists: /var/cache/mock/centos-7-x86_64_ciqshim-bootstrap/root_cache/
DEBUG file_util.py:18:  ensuring that dir exists: /var/cache/mock/centos-7-x86_64_ciqshim-bootstrap/yum_cache
DEBUG file_util.py:18:  ensuring that dir exists: /var/cache/mock/centos-7-x86_64_ciqshim-bootstrap/dnf_cache
DEBUG buildroot.py:723:  create skeleton dirs
DEBUG file_util.py:18:  ensuring that dir exists: /var/lib/mock/centos-7-x86_64_ciqshim-bootstrap/root/var/lib/rpm
DEBUG file_util.py:18:  ensuring that dir exists: /var/lib/mock/centos-7-x86_64_ciqshim-bootstrap/root/var/lib/yum
DEBUG file_util.py:18:  ensuring that dir exists: /var/lib/mock/centos-7-x86_64_ciqshim-bootstrap/root/var/lib/dbus
DEBUG file_util.py:18:  ensuring that dir exists: /var/lib/mock/centos-7-x86_64_ciqshim-bootstrap/root/var/log
DEBUG file_util.py:18:  ensuring that dir exists: /var/lib/mock/centos-7-x86_64_ciqshim-bootstrap/root/var/cache/dnf
DEBUG file_util.py:18:  ensuring that dir exists: /var/lib/mock/centos-7-x86_64_ciqshim-bootstrap/root/var/cache/yum
DEBUG file_util.py:18:  ensuring that dir exists: /var/lib/mock/centos-7-x86_64_ciqshim-bootstrap/root/etc/rpm
DEBUG file_util.py:18:  ensuring that dir exists: /var/lib/mock/centos-7-x86_64_ciqshim-bootstrap/root/tmp
DEBUG file_util.py:18:  ensuring that dir exists: /var/lib/mock/centos-7-x86_64_ciqshim-bootstrap/root/tmp/ccache
DEBUG file_util.py:18:  ensuring that dir exists: /var/lib/mock/centos-7-x86_64_ciqshim-bootstrap/root/var/tmp
DEBUG file_util.py:18:  ensuring that dir exists: /var/lib/mock/centos-7-x86_64_ciqshim-bootstrap/root/etc/dnf
DEBUG file_util.py:18:  ensuring that dir exists: /var/lib/mock/centos-7-x86_64_ciqshim-bootstrap/root/etc/dnf/vars
DEBUG file_util.py:18:  ensuring that dir exists: /var/lib/mock/centos-7-x86_64_ciqshim-bootstrap/root/etc/yum.repos.d
DEBUG file_util.py:21:  created dir: /var/lib/mock/centos-7-x86_64_ciqshim-bootstrap/root/etc/yum.repos.d
DEBUG file_util.py:18:  ensuring that dir exists: /var/lib/mock/centos-7-x86_64_ciqshim-bootstrap/root/etc/yum
DEBUG file_util.py:18:  ensuring that dir exists: /var/lib/mock/centos-7-x86_64_ciqshim-bootstrap/root/proc
DEBUG file_util.py:18:  ensuring that dir exists: /var/lib/mock/centos-7-x86_64_ciqshim-bootstrap/root/sys
DEBUG file_util.py:18:  ensuring that dir exists: /var/lib/mock/centos-7-x86_64_ciqshim-bootstrap/root/dev/pts
DEBUG file_util.py:18:  ensuring that dir exists: /var/lib/mock/centos-7-x86_64_ciqshim-bootstrap/root/dev/shm
DEBUG file_util.py:18:  ensuring that dir exists: /var/lib/mock/centos-7-x86_64_ciqshim-bootstrap/root/dev/mapper
DEBUG file_util.py:21:  created dir: /var/lib/mock/centos-7-x86_64_ciqshim-bootstrap/root/dev/mapper
DEBUG buildroot.py:867:  kernel version == 6.12.30-1.1.0.0.el9_clk.x86_64
DEBUG file_util.py:30:  touching file: /var/lib/mock/centos-7-x86_64_ciqshim-bootstrap/root/etc/fstab
DEBUG file_util.py:30:  touching file: /var/lib/mock/centos-7-x86_64_ciqshim-bootstrap/root/etc/yum/yum.conf
DEBUG file_util.py:30:  touching file: /var/lib/mock/centos-7-x86_64_ciqshim-bootstrap/root/etc/dnf/dnf.conf
DEBUG file_util.py:30:  touching file: /var/lib/mock/centos-7-x86_64_ciqshim-bootstrap/root/var/log/yum.log
DEBUG buildroot.py:332:  rootdir = /var/lib/mock/centos-7-x86_64_ciqshim-bootstrap/root
DEBUG buildroot.py:333:  resultdir = /var/lib/mock/centos-7-x86_64_ciqshim-bootstrap/results
DEBUG package_manager.py:63:  searching for 'yum' package manager or alternatives
INFO buildroot.py:181:  Package manager yum detected and used (fallback)
DEBUG file_util.py:18:  ensuring that dir exists: /var/lib/mock/centos-7-x86_64_ciqshim-bootstrap/root/etc/pki/mock
DEBUG package_manager.py:404:  copying CA trust dir into chroot: /etc/pki/ca-trust => /etc/pki/ca-trust
DEBUG file_util.py:158:  Updating files in /var/lib/mock/centos-7-x86_64_ciqshim-bootstrap/root/etc/pki/ca-trust with files from /etc/pki/ca-trust
DEBUG file_util.py:18:  ensuring that dir exists: /var/lib/mock/centos-7-x86_64_ciqshim-bootstrap/root/etc/pki/ca-trust
DEBUG file_util.py:18:  ensuring that dir exists: /var/lib/mock/centos-7-x86_64_ciqshim-bootstrap/root/etc/pki/ca-trust/./extracted
DEBUG file_util.py:18:  ensuring that dir exists: /var/lib/mock/centos-7-x86_64_ciqshim-bootstrap/root/etc/pki/ca-trust/./source
DEBUG file_util.py:18:  ensuring that dir exists: /var/lib/mock/centos-7-x86_64_ciqshim-bootstrap/root/etc/pki/ca-trust/extracted/edk2
DEBUG file_util.py:18:  ensuring that dir exists: /var/lib/mock/centos-7-x86_64_ciqshim-bootstrap/root/etc/pki/ca-trust/extracted/java
DEBUG file_util.py:18:  ensuring that dir exists: /var/lib/mock/centos-7-x86_64_ciqshim-bootstrap/root/etc/pki/ca-trust/extracted/openssl
DEBUG file_util.py:18:  ensuring that dir exists: /var/lib/mock/centos-7-x86_64_ciqshim-bootstrap/root/etc/pki/ca-trust/extracted/pem
DEBUG file_util.py:18:  ensuring that dir exists: /var/lib/mock/centos-7-x86_64_ciqshim-bootstrap/root/etc/pki/ca-trust/extracted/pem/directory-hash
DEBUG file_util.py:18:  ensuring that dir exists: /var/lib/mock/centos-7-x86_64_ciqshim-bootstrap/root/etc/pki/ca-trust/source/anchors
DEBUG file_util.py:18:  ensuring that dir exists: /var/lib/mock/centos-7-x86_64_ciqshim-bootstrap/root/etc/pki/ca-trust/source/blocklist
DEBUG package_manager.py:404:  copying CA trust dir into chroot: /usr/share/pki/ca-trust-source => /usr/share/pki/ca-trust-source
DEBUG file_util.py:158:  Updating files in /var/lib/mock/centos-7-x86_64_ciqshim-bootstrap/root/usr/share/pki/ca-trust-source with files from /usr/share/pki/ca-trust-source
DEBUG file_util.py:18:  ensuring that dir exists: /var/lib/mock/centos-7-x86_64_ciqshim-bootstrap/root/usr/share/pki/ca-trust-source
DEBUG file_util.py:18:  ensuring that dir exists: /var/lib/mock/centos-7-x86_64_ciqshim-bootstrap/root/usr/share/pki/ca-trust-source/./anchors
DEBUG file_util.py:18:  ensuring that dir exists: /var/lib/mock/centos-7-x86_64_ciqshim-bootstrap/root/usr/share/pki/ca-trust-source/./blocklist
DEBUG file_util.py:18:  ensuring that dir exists: /var/lib/mock/centos-7-x86_64_ciqshim-bootstrap/root/usr/share
DEBUG package_manager.py:388:  Copying /usr/share/distribution-gpg-keys to the bootstrap chroot
DEBUG util.py:634:  child environment: None
DEBUG util.py:556:  Executing command: ['cp', '-a', '/usr/share/distribution-gpg-keys', '/var/lib/mock/centos-7-x86_64_ciqshim-bootstrap/root/usr/share'] with env {'TERM': 'vt100', 'SHELL': '/bin/sh', 'HOME': '/builddir', 'HOSTNAME': 'mock', 'PATH': '/usr/bin:/bin:/usr/sbin:/sbin', 'LANG': 'C.UTF-8'} and shell False
DEBUG util.py:608:  Child return code was: 0
DEBUG file_util.py:18:  ensuring that dir exists: /var/lib/mock/centos-7-x86_64_ciqshim-bootstrap/root/etc/yum/pluginconf.d
DEBUG package_manager.py:631:  configure yum
DEBUG package_manager.py:643:  configure yum priorities
DEBUG package_manager.py:645:  configure yum rhnplugin
DEBUG file_util.py:18:  ensuring that dir exists: /var/lib/mock/centos-7-x86_64_ciqshim-bootstrap/root/var/cache/yum
DEBUG util.py:634:  child environment: None
DEBUG util.py:556:  Executing command: ['/bin/mount', '-n', '-o', 'bind', '/var/cache/mock/centos-7-x86_64_ciqshim-bootstrap/yum_cache', '/var/lib/mock/centos-7-x86_64_ciqshim-bootstrap/root/var/cache/yum'] with env {'TERM': 'vt100', 'SHELL': '/bin/sh', 'HOME': '/builddir', 'HOSTNAME': 'mock', 'PATH': '/usr/bin:/bin:/usr/sbin:/sbin', 'LANG': 'C.UTF-8'} and shell False
DEBUG util.py:608:  Child return code was: 0
DEBUG file_util.py:18:  ensuring that dir exists: /var/lib/mock/centos-7-x86_64_ciqshim-bootstrap/root/var/cache/dnf
DEBUG util.py:634:  child environment: None
DEBUG util.py:556:  Executing command: ['/bin/mount', '-n', '-o', 'bind', '/var/cache/mock/centos-7-x86_64_ciqshim-bootstrap/dnf_cache', '/var/lib/mock/centos-7-x86_64_ciqshim-bootstrap/root/var/cache/dnf'] with env {'TERM': 'vt100', 'SHELL': '/bin/sh', 'HOME': '/builddir', 'HOSTNAME': 'mock', 'PATH': '/usr/bin:/bin:/usr/sbin:/sbin', 'LANG': 'C.UTF-8'} and shell False
DEBUG util.py:608:  Child return code was: 0
DEBUG file_util.py:18:  ensuring that dir exists: /var/lib/mock/centos-7-x86_64_ciqshim-bootstrap/root/etc
DEBUG file_util.py:18:  ensuring that dir exists: /var/lib/mock/centos-7-x86_64_ciqshim-bootstrap/root/etc
DEBUG buildroot.py:38:  method _cleanup_homedir skipped in bootstrap
DEBUG buildroot.py:38:  method _setup_build_dirs skipped in bootstrap
DEBUG buildroot.py:38:  method _make_users skipped in bootstrap
DEBUG file_util.py:30:  touching file: /var/lib/mock/centos-7-x86_64_ciqshim-bootstrap/root/.initialized
DEBUG file_util.py:18:  ensuring that dir exists: /var/lib/mock/centos-7-x86_64_ciqshim
DEBUG file_util.py:18:  ensuring that dir exists: /var/lib/mock/centos-7-x86_64_ciqshim/root
DEBUG file_util.py:18:  ensuring that dir exists: ./srpm-result
INFO buildroot.py:318:  calling preinit hooks
DEBUG file_util.py:18:  ensuring that dir exists: /var/cache/mock/centos-7-x86_64_ciqshim/root_cache/
DEBUG file_util.py:18:  ensuring that dir exists: /var/lib/mock/centos-7-x86_64_ciqshim/root
DEBUG util.py:634:  child environment: None
DEBUG util.py:556:  Executing command: ['/bin/tar', '--use-compress-program', 'pigz', '-xf', '/var/cache/mock/centos-7-x86_64_ciqshim/root_cache/cache.tar.gz', '-C', '/var/lib/mock/centos-7-x86_64_ciqshim/root'] with env {'TERM': 'vt100', 'SHELL': '/bin/sh', 'HOME': '/builddir', 'HOSTNAME': 'mock', 'PATH': '/usr/bin:/bin:/usr/sbin:/sbin', 'LANG': 'C.UTF-8'} and shell False
DEBUG util.py:608:  Child return code was: 0
DEBUG file_util.py:18:  ensuring that dir exists: /var/lib/mock/centos-7-x86_64_ciqshim/root/./proc
DEBUG file_util.py:21:  created dir: /var/lib/mock/centos-7-x86_64_ciqshim/root/./proc
DEBUG file_util.py:18:  ensuring that dir exists: /var/lib/mock/centos-7-x86_64_ciqshim/root/./sys
DEBUG file_util.py:21:  created dir: /var/lib/mock/centos-7-x86_64_ciqshim/root/./sys
DEBUG file_util.py:18:  ensuring that dir exists: /var/lib/mock/centos-7-x86_64_ciqshim/root/./dev
DEBUG file_util.py:21:  created dir: /var/lib/mock/centos-7-x86_64_ciqshim/root/./dev
DEBUG file_util.py:18:  ensuring that dir exists: /var/lib/mock/centos-7-x86_64_ciqshim/root/./tmp/ccache
DEBUG file_util.py:21:  created dir: /var/lib/mock/centos-7-x86_64_ciqshim/root/./tmp/ccache
DEBUG file_util.py:18:  ensuring that dir exists: /var/lib/mock/centos-7-x86_64_ciqshim/root/./var/cache/yum
DEBUG file_util.py:21:  created dir: /var/lib/mock/centos-7-x86_64_ciqshim/root/./var/cache/yum
DEBUG file_util.py:18:  ensuring that dir exists: /var/lib/mock/centos-7-x86_64_ciqshim/root/./var/cache/dnf
DEBUG file_util.py:21:  created dir: /var/lib/mock/centos-7-x86_64_ciqshim/root/./var/cache/dnf
DEBUG file_util.py:18:  ensuring that dir exists: /var/lib/mock/centos-7-x86_64_ciqshim/root/./var/log
DEBUG file_util.py:21:  created dir: /var/lib/mock/centos-7-x86_64_ciqshim/root/./var/log
DEBUG file_util.py:18:  ensuring that dir exists: /var/cache/mock/centos-7-x86_64_ciqshim/yum_cache
DEBUG file_util.py:18:  ensuring that dir exists: /var/cache/mock/centos-7-x86_64_ciqshim/dnf_cache
DEBUG util.py:634:  child environment: None
DEBUG util.py:556:  Executing command: ['/usr/bin/lscpu'] with env {'TERM': 'vt100', 'SHELL': '/bin/sh', 'HOME': '/builddir', 'HOSTNAME': 'mock', 'PATH': '/usr/bin:/bin:/usr/sbin:/sbin', 'LANG': 'C.UTF-8'} and shell False
DEBUG util.py:461:  Architecture:                            x86_64
DEBUG util.py:461:  CPU op-mode(s):                          32-bit, 64-bit
DEBUG util.py:461:  Address sizes:                           46 bits physical, 48 bits virtual
DEBUG util.py:461:  Byte Order:                              Little Endian
DEBUG util.py:461:  CPU(s):                                  64
DEBUG util.py:461:  On-line CPU(s) list:                     0-63
DEBUG util.py:461:  Vendor ID:                               GenuineIntel
DEBUG util.py:461:  Model name:                              Intel(R) Xeon(R) CPU E5-2697A v4 @ 2.60GHz
DEBUG util.py:461:  CPU family:                              6
DEBUG util.py:461:  Model:                                   79
DEBUG util.py:461:  Thread(s) per core:                      2
DEBUG util.py:461:  Core(s) per socket:                      16
DEBUG util.py:461:  Socket(s):                               2
DEBUG util.py:461:  Stepping:                                1
DEBUG util.py:461:  CPU(s) scaling MHz:                      96%
DEBUG util.py:461:  CPU max MHz:                             3600.0000
DEBUG util.py:461:  CPU min MHz:                             1200.0000
DEBUG util.py:461:  BogoMIPS:                                5188.07
DEBUG util.py:461:  Flags:                                   fpu vme de pse tsc msr pae mce cx8 apic sep mtrr pge mca cmov pat pse36 clflush dts acpi mmx fxsr sse sse2 ss ht tm pbe syscall nx pdpe1gb rdtscp lm constant_tsc arch_perfmon pebs bts rep_good nopl xtopology nonstop_tsc cpuid aperfmperf pni pclmulqdq dtes64 monitor ds_cpl vmx smx est tm2 ssse3 sdbg fma cx16 xtpr pdcm pcid dca sse4_1 sse4_2 x2apic movbe popcnt tsc_deadline_timer aes xsave avx f16c rdrand lahf_lm abm 3dnowprefetch cpuid_fault epb cat_l3 cdp_l3 pti intel_ppin ssbd ibrs ibpb stibp tpr_shadow flexpriority ept vpid ept_ad fsgsbase tsc_adjust bmi1 hle avx2 smep bmi2 erms invpcid rtm cqm rdt_a rdseed adx smap intel_pt xsaveopt cqm_llc cqm_occup_llc cqm_mbm_total cqm_mbm_local dtherm ida arat pln pts vnmi md_clear flush_l1d
DEBUG util.py:461:  Virtualization:                          VT-x
DEBUG util.py:461:  L1d cache:                               1 MiB (32 instances)
DEBUG util.py:461:  L1i cache:                               1 MiB (32 instances)
DEBUG util.py:461:  L2 cache:                                8 MiB (32 instances)
DEBUG util.py:461:  L3 cache:                                80 MiB (2 instances)
DEBUG util.py:461:  NUMA node(s):                            2
DEBUG util.py:461:  NUMA node0 CPU(s):                       0-15,32-47
DEBUG util.py:461:  NUMA node1 CPU(s):                       16-31,48-63
DEBUG util.py:461:  Vulnerability Gather data sampling:      Not affected
DEBUG util.py:461:  Vulnerability Indirect target selection: Not affected
DEBUG util.py:461:  Vulnerability Itlb multihit:             KVM: Mitigation: Split huge pages
DEBUG util.py:461:  Vulnerability L1tf:                      Mitigation; PTE Inversion; VMX conditional cache flushes, SMT vulnerable
DEBUG util.py:461:  Vulnerability Mds:                       Mitigation; Clear CPU buffers; SMT vulnerable
DEBUG util.py:461:  Vulnerability Meltdown:                  Mitigation; PTI
DEBUG util.py:461:  Vulnerability Mmio stale data:           Mitigation; Clear CPU buffers; SMT vulnerable
DEBUG util.py:461:  Vulnerability Reg file data sampling:    Not affected
DEBUG util.py:461:  Vulnerability Retbleed:                  Not affected
DEBUG util.py:461:  Vulnerability Spec rstack overflow:      Not affected
DEBUG util.py:461:  Vulnerability Spec store bypass:         Mitigation; Speculative Store Bypass disabled via prctl
DEBUG util.py:461:  Vulnerability Spectre v1:                Mitigation; usercopy/swapgs barriers and __user pointer sanitization
DEBUG util.py:461:  Vulnerability Spectre v2:                Mitigation; Retpolines; IBPB conditional; IBRS_FW; STIBP conditional; RSB filling; PBRSB-eIBRS Not affected; BHI Not affected
DEBUG util.py:461:  Vulnerability Srbds:                     Not affected
DEBUG util.py:461:  Vulnerability Tsx async abort:           Mitigation; Clear CPU buffers; SMT vulnerable
DEBUG util.py:608:  Child return code was: 0
DEBUG util.py:634:  child environment: None
DEBUG util.py:556:  Executing command: ['/bin/free', '--human'] with env {'TERM': 'vt100', 'SHELL': '/bin/sh', 'HOME': '/builddir', 'HOSTNAME': 'mock', 'PATH': '/usr/bin:/bin:/usr/sbin:/sbin', 'LANG': 'C.UTF-8'} and shell False
DEBUG util.py:461:                 total        used        free      shared  buff/cache   available
DEBUG util.py:461:  Mem:           125Gi        26Gi       1.8Gi        71Mi        98Gi        98Gi
DEBUG util.py:461:  Swap:           31Gi       1.0Gi        30Gi
DEBUG util.py:608:  Child return code was: 0
DEBUG util.py:634:  child environment: None
DEBUG util.py:556:  Executing command: ['/bin/df', '-H', '-T', '/var/lib/mock/centos-7-x86_64_ciqshim/root', '/var/cache/mock'] with env {'TERM': 'vt100', 'SHELL': '/bin/sh', 'HOME': '/builddir', 'HOSTNAME': 'mock', 'PATH': '/usr/bin:/bin:/usr/sbin:/sbin', 'LANG': 'C.UTF-8'} and shell False
DEBUG util.py:461:  Filesystem                 Type  Size  Used Avail Use% Mounted on
DEBUG util.py:461:  /dev/mapper/vg_nvme-lv_var xfs   698G  261G  437G  38% /var
DEBUG util.py:461:  /dev/mapper/vg_nvme-lv_var xfs   698G  261G  437G  38% /var
DEBUG util.py:608:  Child return code was: 0
DEBUG buildroot.py:723:  create skeleton dirs
DEBUG file_util.py:18:  ensuring that dir exists: /var/lib/mock/centos-7-x86_64_ciqshim/root/var/lib/rpm
DEBUG file_util.py:18:  ensuring that dir exists: /var/lib/mock/centos-7-x86_64_ciqshim/root/var/lib/yum
DEBUG file_util.py:18:  ensuring that dir exists: /var/lib/mock/centos-7-x86_64_ciqshim/root/var/lib/dbus
DEBUG file_util.py:18:  ensuring that dir exists: /var/lib/mock/centos-7-x86_64_ciqshim/root/var/log
DEBUG file_util.py:18:  ensuring that dir exists: /var/lib/mock/centos-7-x86_64_ciqshim/root/var/cache/dnf
DEBUG file_util.py:18:  ensuring that dir exists: /var/lib/mock/centos-7-x86_64_ciqshim/root/var/cache/yum
DEBUG file_util.py:18:  ensuring that dir exists: /var/lib/mock/centos-7-x86_64_ciqshim/root/etc/rpm
DEBUG file_util.py:18:  ensuring that dir exists: /var/lib/mock/centos-7-x86_64_ciqshim/root/tmp
DEBUG file_util.py:18:  ensuring that dir exists: /var/lib/mock/centos-7-x86_64_ciqshim/root/tmp/ccache
DEBUG file_util.py:18:  ensuring that dir exists: /var/lib/mock/centos-7-x86_64_ciqshim/root/var/tmp
DEBUG file_util.py:18:  ensuring that dir exists: /var/lib/mock/centos-7-x86_64_ciqshim/root/etc/dnf
DEBUG file_util.py:18:  ensuring that dir exists: /var/lib/mock/centos-7-x86_64_ciqshim/root/etc/dnf/vars
DEBUG file_util.py:18:  ensuring that dir exists: /var/lib/mock/centos-7-x86_64_ciqshim/root/etc/yum.repos.d
DEBUG file_util.py:18:  ensuring that dir exists: /var/lib/mock/centos-7-x86_64_ciqshim/root/etc/yum
DEBUG file_util.py:18:  ensuring that dir exists: /var/lib/mock/centos-7-x86_64_ciqshim/root/proc
DEBUG file_util.py:18:  ensuring that dir exists: /var/lib/mock/centos-7-x86_64_ciqshim/root/sys
DEBUG file_util.py:18:  ensuring that dir exists: /var/lib/mock/centos-7-x86_64_ciqshim/root/dev/pts
DEBUG file_util.py:21:  created dir: /var/lib/mock/centos-7-x86_64_ciqshim/root/dev/pts
DEBUG file_util.py:18:  ensuring that dir exists: /var/lib/mock/centos-7-x86_64_ciqshim/root/dev/shm
DEBUG file_util.py:21:  created dir: /var/lib/mock/centos-7-x86_64_ciqshim/root/dev/shm
DEBUG file_util.py:18:  ensuring that dir exists: /var/lib/mock/centos-7-x86_64_ciqshim/root/dev/mapper
DEBUG file_util.py:21:  created dir: /var/lib/mock/centos-7-x86_64_ciqshim/root/dev/mapper
DEBUG buildroot.py:867:  kernel version == 6.12.30-1.1.0.0.el9_clk.x86_64
DEBUG file_util.py:30:  touching file: /var/lib/mock/centos-7-x86_64_ciqshim/root/etc/fstab
DEBUG file_util.py:30:  touching file: /var/lib/mock/centos-7-x86_64_ciqshim/root/etc/yum/yum.conf
DEBUG file_util.py:30:  touching file: /var/lib/mock/centos-7-x86_64_ciqshim/root/etc/dnf/dnf.conf
DEBUG file_util.py:30:  touching file: /var/lib/mock/centos-7-x86_64_ciqshim/root/var/log/yum.log
DEBUG buildroot.py:332:  rootdir = /var/lib/mock/centos-7-x86_64_ciqshim/root
DEBUG buildroot.py:333:  resultdir = ./srpm-result
INFO buildroot.py:181:  Package manager yum detected and used (direct choice)
DEBUG file_util.py:18:  ensuring that dir exists: /var/lib/mock/centos-7-x86_64_ciqshim/root/etc/pki/mock
DEBUG package_manager.py:404:  copying CA trust dir into chroot: /etc/pki/ca-trust => /etc/pki/ca-trust
DEBUG file_util.py:158:  Updating files in /var/lib/mock/centos-7-x86_64_ciqshim/root/etc/pki/ca-trust with files from /etc/pki/ca-trust
DEBUG file_util.py:18:  ensuring that dir exists: /var/lib/mock/centos-7-x86_64_ciqshim/root/etc/pki/ca-trust
DEBUG file_util.py:18:  ensuring that dir exists: /var/lib/mock/centos-7-x86_64_ciqshim/root/etc/pki/ca-trust/./extracted
DEBUG file_util.py:18:  ensuring that dir exists: /var/lib/mock/centos-7-x86_64_ciqshim/root/etc/pki/ca-trust/./source
DEBUG file_util.py:18:  ensuring that dir exists: /var/lib/mock/centos-7-x86_64_ciqshim/root/etc/pki/ca-trust/extracted/edk2
DEBUG file_util.py:18:  ensuring that dir exists: /var/lib/mock/centos-7-x86_64_ciqshim/root/etc/pki/ca-trust/extracted/java
DEBUG file_util.py:18:  ensuring that dir exists: /var/lib/mock/centos-7-x86_64_ciqshim/root/etc/pki/ca-trust/extracted/openssl
DEBUG file_util.py:18:  ensuring that dir exists: /var/lib/mock/centos-7-x86_64_ciqshim/root/etc/pki/ca-trust/extracted/pem
DEBUG file_util.py:18:  ensuring that dir exists: /var/lib/mock/centos-7-x86_64_ciqshim/root/etc/pki/ca-trust/extracted/pem/directory-hash
DEBUG file_util.py:18:  ensuring that dir exists: /var/lib/mock/centos-7-x86_64_ciqshim/root/etc/pki/ca-trust/source/anchors
DEBUG file_util.py:18:  ensuring that dir exists: /var/lib/mock/centos-7-x86_64_ciqshim/root/etc/pki/ca-trust/source/blocklist
DEBUG package_manager.py:404:  copying CA trust dir into chroot: /usr/share/pki/ca-trust-source => /usr/share/pki/ca-trust-source
DEBUG file_util.py:158:  Updating files in /var/lib/mock/centos-7-x86_64_ciqshim/root/usr/share/pki/ca-trust-source with files from /usr/share/pki/ca-trust-source
DEBUG file_util.py:18:  ensuring that dir exists: /var/lib/mock/centos-7-x86_64_ciqshim/root/usr/share/pki/ca-trust-source
DEBUG file_util.py:18:  ensuring that dir exists: /var/lib/mock/centos-7-x86_64_ciqshim/root/usr/share/pki/ca-trust-source/./anchors
DEBUG file_util.py:18:  ensuring that dir exists: /var/lib/mock/centos-7-x86_64_ciqshim/root/usr/share/pki/ca-trust-source/./blocklist
DEBUG file_util.py:18:  ensuring that dir exists: /var/lib/mock/centos-7-x86_64_ciqshim/root/etc/yum/pluginconf.d
DEBUG package_manager.py:631:  configure yum
DEBUG package_manager.py:643:  configure yum priorities
DEBUG package_manager.py:645:  configure yum rhnplugin
DEBUG file_util.py:18:  ensuring that dir exists: /var/lib/mock/centos-7-x86_64_ciqshim/root/var/cache/yum
DEBUG util.py:634:  child environment: None
DEBUG util.py:556:  Executing command: ['/bin/mount', '-n', '-o', 'bind', '/var/cache/mock/centos-7-x86_64_ciqshim/yum_cache', '/var/lib/mock/centos-7-x86_64_ciqshim/root/var/cache/yum'] with env {'TERM': 'vt100', 'SHELL': '/bin/sh', 'HOME': '/builddir', 'HOSTNAME': 'mock', 'PATH': '/usr/bin:/bin:/usr/sbin:/sbin', 'LANG': 'C.UTF-8'} and shell False
DEBUG util.py:608:  Child return code was: 0
DEBUG file_util.py:18:  ensuring that dir exists: /var/lib/mock/centos-7-x86_64_ciqshim/root/var/cache/dnf
DEBUG util.py:634:  child environment: None
DEBUG util.py:556:  Executing command: ['/bin/mount', '-n', '-o', 'bind', '/var/cache/mock/centos-7-x86_64_ciqshim/dnf_cache', '/var/lib/mock/centos-7-x86_64_ciqshim/root/var/cache/dnf'] with env {'TERM': 'vt100', 'SHELL': '/bin/sh', 'HOME': '/builddir', 'HOSTNAME': 'mock', 'PATH': '/usr/bin:/bin:/usr/sbin:/sbin', 'LANG': 'C.UTF-8'} and shell False
DEBUG util.py:608:  Child return code was: 0
DEBUG util.py:634:  child environment: None
DEBUG util.py:551:  Using nspawn with args None
DEBUG util.py:556:  Executing command: ['/usr/bin/systemd-nspawn', '-q', '-M', 'fc050c71bb7a450bb8cf38935b69cb15', '-D', '/var/lib/mock/centos-7-x86_64_ciqshim-bootstrap/root', '-a', '--console=pipe', '--setenv=TERM=vt100', '--setenv=SHELL=/bin/sh', '--setenv=HOME=/builddir', '--setenv=HOSTNAME=mock', '--setenv=PATH=/usr/bin:/bin:/usr/sbin:/sbin', '--setenv=LANG=C.UTF-8', '--resolv-conf=off', 'rpm', '-q', 'rpm', 'rpm-sequoia', 'python3-dnf', 'python3-dnf-plugins-core', 'yum', 'yum-utils', 'dnf5', 'dnf5-plugins'] with env {'TERM': 'vt100', 'SHELL': '/bin/sh', 'HOME': '/builddir', 'HOSTNAME': 'mock', 'PATH': '/usr/bin:/bin:/usr/sbin:/sbin', 'LANG': 'C.UTF-8', 'SYSTEMD_NSPAWN_TMPFS_TMP': '0', 'SYSTEMD_SECCOMP': '0'} and shell False
DEBUG util.py:461:  rpm-4.11.3-45.el7.x86_64
DEBUG util.py:461:  package rpm-sequoia is not installed
DEBUG util.py:461:  package python3-dnf is not installed
DEBUG util.py:461:  package python3-dnf-plugins-core is not installed
DEBUG util.py:461:  yum-3.4.3-168.el7.centos.noarch
DEBUG util.py:461:  yum-utils-1.1.31-54.el7_8.noarch
DEBUG util.py:461:  package dnf5 is not installed
DEBUG util.py:461:  package dnf5-plugins is not installed
DEBUG util.py:608:  Child return code was: 5
INFO package_manager.py:201:  Buildroot is handled by package management downloaded with a bootstrap image:
  rpm-4.11.3-45.el7.x86_64
  yum-3.4.3-168.el7.centos.noarch
  yum-utils-1.1.31-54.el7_8.noarch
DEBUG file_util.py:18:  ensuring that dir exists: /var/lib/mock/centos-7-x86_64_ciqshim-bootstrap/root/var/lib/mock/centos-7-x86_64_ciqshim/root
DEBUG util.py:634:  child environment: None
DEBUG util.py:556:  Executing command: ['/bin/mount', '-n', '-t', 'tmpfs', '-o', 'private,mode=0755', 'tmpfs', '/var/lib/mock/centos-7-x86_64_ciqshim-bootstrap/root/var/lib/mock/centos-7-x86_64_ciqshim/root'] with env {'TERM': 'vt100', 'SHELL': '/bin/sh', 'HOME': '/builddir', 'HOSTNAME': 'mock', 'PATH': '/usr/bin:/bin:/usr/sbin:/sbin', 'LANG': 'C.UTF-8'} and shell False
DEBUG util.py:608:  Child return code was: 0
DEBUG file_util.py:18:  ensuring that dir exists: /var/lib/mock/centos-7-x86_64_ciqshim-bootstrap/root/var/lib/mock/centos-7-x86_64_ciqshim/root
DEBUG util.py:634:  child environment: None
DEBUG util.py:556:  Executing command: ['/bin/mount', '-n', '-o', 'rbind', '/var/lib/mock/centos-7-x86_64_ciqshim/root', '/var/lib/mock/centos-7-x86_64_ciqshim-bootstrap/root/var/lib/mock/centos-7-x86_64_ciqshim/root'] with env {'TERM': 'vt100', 'SHELL': '/bin/sh', 'HOME': '/builddir', 'HOSTNAME': 'mock', 'PATH': '/usr/bin:/bin:/usr/sbin:/sbin', 'LANG': 'C.UTF-8'} and shell False
DEBUG util.py:608:  Child return code was: 0
DEBUG util.py:634:  child environment: None
DEBUG util.py:556:  Executing command: ['/bin/mount', '-n', '-o', 'remount,private,rbind', '--target', '/var/lib/mock/centos-7-x86_64_ciqshim-bootstrap/root/var/lib/mock/centos-7-x86_64_ciqshim/root'] with env {'TERM': 'vt100', 'SHELL': '/bin/sh', 'HOME': '/builddir', 'HOSTNAME': 'mock', 'PATH': '/usr/bin:/bin:/usr/sbin:/sbin', 'LANG': 'C.UTF-8'} and shell False
DEBUG util.py:608:  Child return code was: 0
DEBUG buildroot.py:686:  removing 3 rpm db files
DEBUG buildroot.py:691:  nuke_rpm_db: removing /var/lib/mock/centos-7-x86_64_ciqshim-bootstrap/root/var/lib/rpm/__db.001
DEBUG buildroot.py:691:  nuke_rpm_db: removing /var/lib/mock/centos-7-x86_64_ciqshim-bootstrap/root/var/lib/rpm/__db.002
DEBUG buildroot.py:691:  nuke_rpm_db: removing /var/lib/mock/centos-7-x86_64_ciqshim-bootstrap/root/var/lib/rpm/__db.003
DEBUG util.py:634:  child environment: None
DEBUG util.py:551:  Using nspawn with args ['--capability=cap_ipc_lock', '--bind=/tmp/mock-resolv.7esab_rj:/etc/resolv.conf']
DEBUG util.py:556:  Executing command: ['/usr/bin/systemd-nspawn', '-q', '-M', '169e1a36589245a180786f922afd64e6', '-D', '/var/lib/mock/centos-7-x86_64_ciqshim-bootstrap/root', '-a', '--capability=cap_ipc_lock', '--bind=/tmp/mock-resolv.7esab_rj:/etc/resolv.conf', '--console=pipe', '--setenv=TERM=vt100', '--setenv=SHELL=/bin/bash', '--setenv=HOME=/builddir', '--setenv=HOSTNAME=mock', '--setenv=PATH=/usr/bin:/bin:/usr/sbin:/sbin', '--setenv=PROMPT_COMMAND=printf "\\033]0;<mock-chroot>\\007"', '--setenv=PS1=<mock-chroot> \\s-\\v\\$ ', '--setenv=LANG=C.UTF-8', '--resolv-conf=off', '/bin/rpm', '-qa', '--root', '/var/lib/mock/centos-7-x86_64_ciqshim/root'] with env {'TERM': 'vt100', 'SHELL': '/bin/bash', 'HOME': '/builddir', 'HOSTNAME': 'mock', 'PATH': '/usr/bin:/bin:/usr/sbin:/sbin', 'PROMPT_COMMAND': 'printf "\\033]0;<mock-chroot>\\007"', 'PS1': '<mock-chroot> \\s-\\v\\$ ', 'LANG': 'C.UTF-8', 'SYSTEMD_NSPAWN_TMPFS_TMP': '0', 'SYSTEMD_SECCOMP': '0'} and shell False
DEBUG util.py:461:  libgcc-4.8.5-44.el7.x86_64
DEBUG util.py:461:  setup-2.8.71-11.el7.noarch
DEBUG util.py:461:  basesystem-10.0-7.el7.centos.noarch
DEBUG util.py:461:  perl-srpm-macros-1-8.el7.noarch
DEBUG util.py:461:  tzdata-2024a-1.el7.noarch
DEBUG util.py:461:  glibc-common-2.17-326.el7_9.3.x86_64
DEBUG util.py:461:  nspr-4.35.0-1.el7_9.x86_64
DEBUG util.py:461:  libstdc++-4.8.5-44.el7.x86_64
DEBUG util.py:461:  bash-4.2.46-35.el7_9.x86_64
DEBUG util.py:461:  pcre-8.32-17.el7.x86_64
DEBUG util.py:461:  zlib-1.2.7-21.el7_9.x86_64
DEBUG util.py:461:  bzip2-libs-1.0.6-13.el7.x86_64
DEBUG util.py:461:  elfutils-libelf-0.176-5.el7.x86_64
DEBUG util.py:461:  sed-4.2.2-7.el7.x86_64
DEBUG util.py:461:  popt-1.13-16.el7.x86_64
DEBUG util.py:461:  libacl-2.2.51-15.el7.x86_64
DEBUG util.py:461:  readline-6.2-11.el7.x86_64
DEBUG util.py:461:  libgcrypt-1.5.3-14.el7.x86_64
DEBUG util.py:461:  chkconfig-1.7.6-1.el7.x86_64
DEBUG util.py:461:  grep-2.20-3.el7.x86_64
DEBUG util.py:461:  libuuid-2.23.2-65.el7_9.1.x86_64
DEBUG util.py:461:  libmpc-1.0.1-3.el7.x86_64
DEBUG util.py:461:  gawk-4.0.2-4.el7_3.1.x86_64
DEBUG util.py:461:  diffutils-3.3-6.el7_9.x86_64
DEBUG util.py:461:  file-libs-5.11-37.el7.x86_64
DEBUG util.py:461:  libcap-ng-0.7.5-4.el7.x86_64
DEBUG util.py:461:  p11-kit-0.23.5-3.el7.x86_64
DEBUG util.py:461:  nss-softokn-3.90.0-6.el7_9.x86_64
DEBUG util.py:461:  gdbm-1.10-8.el7.x86_64
DEBUG util.py:461:  file-5.11-37.el7.x86_64
DEBUG util.py:461:  pinentry-0.8.1-17.el7.x86_64
DEBUG util.py:461:  acl-2.2.51-15.el7.x86_64
DEBUG util.py:461:  groff-base-1.22.2-8.el7.x86_64
DEBUG util.py:461:  perl-HTTP-Tiny-0.033-3.el7.noarch
DEBUG util.py:461:  perl-Pod-Perldoc-3.20-4.el7.noarch
DEBUG util.py:461:  perl-Text-ParseWords-3.29-4.el7.noarch
DEBUG util.py:461:  perl-Pod-Usage-1.63-3.el7.noarch
DEBUG util.py:461:  perl-threads-1.87-4.el7.x86_64
DEBUG util.py:461:  perl-Carp-1.26-244.el7.noarch
DEBUG util.py:461:  perl-Exporter-5.68-3.el7.noarch
DEBUG util.py:461:  perl-Socket-2.010-5.el7.x86_64
DEBUG util.py:461:  perl-Time-Local-1.2300-2.el7.noarch
DEBUG util.py:461:  perl-File-Path-2.09-2.el7.noarch
DEBUG util.py:461:  perl-threads-shared-1.43-6.el7.x86_64
DEBUG util.py:461:  perl-libs-5.16.3-299.el7_9.x86_64
DEBUG util.py:461:  perl-Getopt-Long-2.40-3.el7.noarch
DEBUG util.py:461:  perl-Thread-Queue-3.02-2.el7.noarch
DEBUG util.py:461:  dwz-0.11-3.el7.x86_64
DEBUG util.py:461:  libxml2-2.9.1-6.el7_9.6.x86_64
DEBUG util.py:461:  unzip-6.0-24.el7_9.x86_64
DEBUG util.py:461:  libidn-1.28-4.el7.x86_64
DEBUG util.py:461:  glibc-headers-2.17-326.el7_9.3.x86_64
DEBUG util.py:461:  ncurses-5.9-14.20130511.el7_4.x86_64
DEBUG util.py:461:  pth-2.0.7-23.el7.x86_64
DEBUG util.py:461:  ustr-1.0.4-16.el7.x86_64
DEBUG util.py:461:  libverto-0.2.5-4.el7.x86_64
DEBUG util.py:461:  p11-kit-trust-0.23.5-3.el7.x86_64
DEBUG util.py:461:  hardlink-1.0-19.el7.x86_64
DEBUG util.py:461:  keyutils-libs-1.5.8-3.el7.x86_64
DEBUG util.py:461:  coreutils-8.22-24.el7_9.2.x86_64
DEBUG util.py:461:  libblkid-2.23.2-65.el7_9.1.x86_64
DEBUG util.py:461:  cracklib-2.9.0-11.el7.x86_64
DEBUG util.py:461:  glib2-2.56.1-9.el7_9.x86_64
DEBUG util.py:461:  shadow-utils-4.6-5.el7.x86_64
DEBUG util.py:461:  pkgconfig-0.27.1-4.el7.x86_64
DEBUG util.py:461:  pam-1.1.8-23.el7.x86_64
DEBUG util.py:461:  gcc-4.8.5-44.el7.x86_64
DEBUG util.py:461:  cyrus-sasl-lib-2.1.26-24.el7_9.x86_64
DEBUG util.py:461:  nss-3.90.0-2.el7_9.x86_64
DEBUG util.py:461:  nss-tools-3.90.0-2.el7_9.x86_64
DEBUG util.py:461:  gdb-7.6.1-120.el7.x86_64
DEBUG util.py:461:  libcurl-7.29.0-59.el7_9.2.x86_64
DEBUG util.py:461:  rpm-libs-4.11.3-48.el7_9.x86_64
DEBUG util.py:461:  openldap-2.4.44-25.el7_9.x86_64
DEBUG util.py:461:  gnupg2-2.0.22-5.el7_5.x86_64
DEBUG util.py:461:  json-c-0.11-4.el7_0.x86_64
DEBUG util.py:461:  procps-ng-3.3.10-28.el7.x86_64
DEBUG util.py:461:  kpartx-0.4.9-136.el7_9.x86_64
DEBUG util.py:461:  cryptsetup-libs-2.0.3-6.el7.x86_64
DEBUG util.py:461:  kmod-20-28.el7.x86_64
DEBUG util.py:461:  systemd-libs-219-78.el7_9.9.x86_64
DEBUG util.py:461:  systemd-219-78.el7_9.9.x86_64
DEBUG util.py:461:  elfutils-default-yama-scope-0.176-5.el7.noarch
DEBUG util.py:461:  python-srpm-macros-3-34.el7.noarch
DEBUG util.py:461:  rpm-build-4.11.3-48.el7_9.x86_64
DEBUG util.py:461:  which-2.20-7.el7.x86_64
DEBUG util.py:461:  gpg-pubkey-f4a80eb5-53a7ff4b
DEBUG util.py:461:  centos-release-7-9.2009.2.el7.centos.x86_64
DEBUG util.py:461:  filesystem-3.2-25.el7.x86_64
DEBUG util.py:461:  ncurses-base-5.9-14.20130511.el7_4.noarch
DEBUG util.py:461:  kernel-headers-3.10.0-1160.119.1.el7.x86_64
DEBUG util.py:461:  nss-softokn-freebl-3.90.0-6.el7_9.x86_64
DEBUG util.py:461:  glibc-2.17-326.el7_9.3.x86_64
DEBUG util.py:461:  nss-util-3.90.0-1.el7_9.x86_64
DEBUG util.py:461:  ncurses-libs-5.9-14.20130511.el7_4.x86_64
DEBUG util.py:461:  libsepol-2.5-10.el7.x86_64
DEBUG util.py:461:  libselinux-2.5-15.el7.x86_64
DEBUG util.py:461:  info-5.1-5.el7.x86_64
DEBUG util.py:461:  xz-libs-5.2.2-2.el7_9.x86_64
DEBUG util.py:461:  libdb-5.3.21-25.el7.x86_64
DEBUG util.py:461:  gmp-6.0.0-15.el7.x86_64
DEBUG util.py:461:  libattr-2.4.46-13.el7.x86_64
DEBUG util.py:461:  libcap-2.22-11.el7.x86_64
DEBUG util.py:461:  libgpg-error-1.12-3.el7.x86_64
DEBUG util.py:461:  lua-5.1.4-15.el7.x86_64
DEBUG util.py:461:  mpfr-3.1.1-4.el7.x86_64
DEBUG util.py:461:  libffi-3.0.13-19.el7.x86_64
DEBUG util.py:461:  libcom_err-1.42.9-19.el7.x86_64
DEBUG util.py:461:  xz-5.2.2-2.el7_9.x86_64
DEBUG util.py:461:  findutils-4.5.11-6.el7.x86_64
DEBUG util.py:461:  cpio-2.11-28.el7.x86_64
DEBUG util.py:461:  expat-2.1.0-15.el7_9.x86_64
DEBUG util.py:461:  audit-libs-2.8.5-4.el7.x86_64
DEBUG util.py:461:  sqlite-3.7.17-8.el7_7.1.x86_64
DEBUG util.py:461:  tar-1.26-35.el7.x86_64
DEBUG util.py:461:  lz4-1.8.3-1.el7.x86_64
DEBUG util.py:461:  cpp-4.8.5-44.el7.x86_64
DEBUG util.py:461:  libassuan-2.1.0-3.el7.x86_64
DEBUG util.py:461:  patch-2.7.1-12.el7_7.x86_64
DEBUG util.py:461:  perl-parent-0.225-244.el7.noarch
DEBUG util.py:461:  perl-podlators-2.5.1-3.el7.noarch
DEBUG util.py:461:  perl-Pod-Escapes-1.04-299.el7_9.noarch
DEBUG util.py:461:  perl-Encode-2.51-7.el7.x86_64
DEBUG util.py:461:  perl-Time-HiRes-1.9725-3.el7.x86_64
DEBUG util.py:461:  perl-Storable-2.45-3.el7.x86_64
DEBUG util.py:461:  perl-Filter-1.49-3.el7.x86_64
DEBUG util.py:461:  perl-constant-1.27-2.el7.noarch
DEBUG util.py:461:  perl-macros-5.16.3-299.el7_9.x86_64
DEBUG util.py:461:  perl-File-Temp-0.23.01-3.el7.noarch
DEBUG util.py:461:  perl-PathTools-3.40-5.el7.x86_64
DEBUG util.py:461:  perl-Scalar-List-Utils-1.27-248.el7.x86_64
DEBUG util.py:461:  perl-Pod-Simple-3.28-4.el7.noarch
DEBUG util.py:461:  perl-5.16.3-299.el7_9.x86_64
DEBUG util.py:461:  libdb-utils-5.3.21-25.el7.x86_64
DEBUG util.py:461:  kmod-libs-20-28.el7.x86_64
DEBUG util.py:461:  bzip2-1.0.6-13.el7.x86_64
DEBUG util.py:461:  zip-3.0-11.el7.x86_64
DEBUG util.py:461:  libgomp-4.8.5-44.el7.x86_64
DEBUG util.py:461:  glibc-devel-2.17-326.el7_9.3.x86_64
DEBUG util.py:461:  libstdc++-devel-4.8.5-44.el7.x86_64
DEBUG util.py:461:  libsmartcols-2.23.2-65.el7_9.1.x86_64
DEBUG util.py:461:  libsemanage-2.5-14.el7.x86_64
DEBUG util.py:461:  libtasn1-4.10-1.el7.x86_64
DEBUG util.py:461:  ca-certificates-2023.2.60_v7.0.306-72.el7_9.noarch
DEBUG util.py:461:  qrencode-libs-3.4.1-3.el7.x86_64
DEBUG util.py:461:  openssl-libs-1.0.2k-26.el7_9.x86_64
DEBUG util.py:461:  krb5-libs-1.15.1-55.el7_9.x86_64
DEBUG util.py:461:  gzip-1.5-11.el7_9.x86_64
DEBUG util.py:461:  libmount-2.23.2-65.el7_9.1.x86_64
DEBUG util.py:461:  shared-mime-info-1.8-5.el7.x86_64
DEBUG util.py:461:  binutils-2.27-44.base.el7_9.1.x86_64
DEBUG util.py:461:  cracklib-dicts-2.9.0-11.el7.x86_64
DEBUG util.py:461:  libpwquality-1.2.3-5.el7.x86_64
DEBUG util.py:461:  libutempter-1.1.6-4.el7.x86_64
DEBUG util.py:461:  nss-pem-1.0.3-7.el7_9.1.x86_64
DEBUG util.py:461:  nss-sysinit-3.90.0-2.el7_9.x86_64
DEBUG util.py:461:  python-libs-2.7.5-94.el7_9.x86_64
DEBUG util.py:461:  libssh2-1.8.0-4.el7_9.1.x86_64
DEBUG util.py:461:  curl-7.29.0-59.el7_9.2.x86_64
DEBUG util.py:461:  rpm-4.11.3-48.el7_9.x86_64
DEBUG util.py:461:  libuser-0.60-9.el7.x86_64
DEBUG util.py:461:  rpm-build-libs-4.11.3-48.el7_9.x86_64
DEBUG util.py:461:  util-linux-2.23.2-65.el7_9.1.x86_64
DEBUG util.py:461:  device-mapper-1.02.170-6.el7_9.5.x86_64
DEBUG util.py:461:  device-mapper-libs-1.02.170-6.el7_9.5.x86_64
DEBUG util.py:461:  dracut-033-572.el7.x86_64
DEBUG util.py:461:  elfutils-libs-0.176-5.el7.x86_64
DEBUG util.py:461:  dbus-libs-1.10.24-15.el7.x86_64
DEBUG util.py:461:  dbus-1.10.24-15.el7.x86_64
DEBUG util.py:461:  elfutils-0.176-5.el7.x86_64
DEBUG util.py:461:  redhat-rpm-config-9.1.0-88.el7.centos.noarch
DEBUG util.py:461:  gcc-c++-4.8.5-44.el7.x86_64
DEBUG util.py:461:  make-3.82-24.el7.x86_64
DEBUG util.py:608:  Child return code was: 0
DEBUG util.py:183:  kill orphans in chroot /var/lib/mock/centos-7-x86_64_ciqshim/root
DEBUG util.py:183:  kill orphans in chroot /var/lib/mock/centos-7-x86_64_ciqshim-bootstrap/root/var/lib/mock/centos-7-x86_64_ciqshim/root
DEBUG util.py:634:  child environment: None
DEBUG util.py:556:  Executing command: ['/bin/umount', '-n', '-l', '/var/lib/mock/centos-7-x86_64_ciqshim-bootstrap/root/var/lib/mock/centos-7-x86_64_ciqshim/root'] with env {'TERM': 'vt100', 'SHELL': '/bin/sh', 'HOME': '/builddir', 'HOSTNAME': 'mock', 'PATH': '/usr/bin:/bin:/usr/sbin:/sbin', 'LANG': 'C.UTF-8'} and shell False
DEBUG util.py:608:  Child return code was: 0
DEBUG util.py:634:  child environment: None
DEBUG util.py:556:  Executing command: ['/bin/umount', '-n', '-l', '/var/lib/mock/centos-7-x86_64_ciqshim-bootstrap/root/var/lib/mock/centos-7-x86_64_ciqshim/root'] with env {'TERM': 'vt100', 'SHELL': '/bin/sh', 'HOME': '/builddir', 'HOSTNAME': 'mock', 'PATH': '/usr/bin:/bin:/usr/sbin:/sbin', 'LANG': 'C.UTF-8'} and shell False
DEBUG util.py:608:  Child return code was: 0
DEBUG file_util.py:18:  ensuring that dir exists: /var/lib/mock/centos-7-x86_64_ciqshim/root/proc
DEBUG util.py:634:  child environment: None
DEBUG util.py:556:  Executing command: ['/bin/mount', '-n', '-t', 'tmpfs', '-o', 'rprivate,mode=0755', 'tmpfs', '/var/lib/mock/centos-7-x86_64_ciqshim/root/proc'] with env {'TERM': 'vt100', 'SHELL': '/bin/sh', 'HOME': '/builddir', 'HOSTNAME': 'mock', 'PATH': '/usr/bin:/bin:/usr/sbin:/sbin', 'LANG': 'C.UTF-8'} and shell False
DEBUG util.py:608:  Child return code was: 0
DEBUG file_util.py:18:  ensuring that dir exists: /var/lib/mock/centos-7-x86_64_ciqshim/root/proc
DEBUG util.py:634:  child environment: None
DEBUG util.py:556:  Executing command: ['/bin/mount', '-n', '-o', 'rbind', '/proc', '/var/lib/mock/centos-7-x86_64_ciqshim/root/proc'] with env {'TERM': 'vt100', 'SHELL': '/bin/sh', 'HOME': '/builddir', 'HOSTNAME': 'mock', 'PATH': '/usr/bin:/bin:/usr/sbin:/sbin', 'LANG': 'C.UTF-8'} and shell False
DEBUG util.py:608:  Child return code was: 0
DEBUG util.py:634:  child environment: None
DEBUG util.py:556:  Executing command: ['/bin/mount', '-n', '-o', 'remount,nodev,noexec,nosuid,readonly,rprivate,rbind', '--target', '/var/lib/mock/centos-7-x86_64_ciqshim/root/proc'] with env {'TERM': 'vt100', 'SHELL': '/bin/sh', 'HOME': '/builddir', 'HOSTNAME': 'mock', 'PATH': '/usr/bin:/bin:/usr/sbin:/sbin', 'LANG': 'C.UTF-8'} and shell False
DEBUG util.py:608:  Child return code was: 0
DEBUG file_util.py:18:  ensuring that dir exists: /var/lib/mock/centos-7-x86_64_ciqshim/root/sys
DEBUG util.py:634:  child environment: None
DEBUG util.py:556:  Executing command: ['/bin/mount', '-n', '-t', 'tmpfs', '-o', 'rprivate,mode=0755', 'tmpfs', '/var/lib/mock/centos-7-x86_64_ciqshim/root/sys'] with env {'TERM': 'vt100', 'SHELL': '/bin/sh', 'HOME': '/builddir', 'HOSTNAME': 'mock', 'PATH': '/usr/bin:/bin:/usr/sbin:/sbin', 'LANG': 'C.UTF-8'} and shell False
DEBUG util.py:608:  Child return code was: 0
DEBUG file_util.py:18:  ensuring that dir exists: /var/lib/mock/centos-7-x86_64_ciqshim/root/sys
DEBUG util.py:634:  child environment: None
DEBUG util.py:556:  Executing command: ['/bin/mount', '-n', '-o', 'rbind', '/sys', '/var/lib/mock/centos-7-x86_64_ciqshim/root/sys'] with env {'TERM': 'vt100', 'SHELL': '/bin/sh', 'HOME': '/builddir', 'HOSTNAME': 'mock', 'PATH': '/usr/bin:/bin:/usr/sbin:/sbin', 'LANG': 'C.UTF-8'} and shell False
DEBUG util.py:608:  Child return code was: 0
DEBUG util.py:634:  child environment: None
DEBUG util.py:556:  Executing command: ['/bin/mount', '-n', '-o', 'remount,nodev,noexec,nosuid,readonly,rprivate,rbind', '--target', '/var/lib/mock/centos-7-x86_64_ciqshim/root/sys'] with env {'TERM': 'vt100', 'SHELL': '/bin/sh', 'HOME': '/builddir', 'HOSTNAME': 'mock', 'PATH': '/usr/bin:/bin:/usr/sbin:/sbin', 'LANG': 'C.UTF-8'} and shell False
DEBUG util.py:608:  Child return code was: 0
DEBUG file_util.py:18:  ensuring that dir exists: /var/lib/mock/centos-7-x86_64_ciqshim/root/dev/shm
DEBUG util.py:634:  child environment: None
DEBUG util.py:556:  Executing command: ['/bin/mount', '-n', '-t', 'tmpfs', 'tmpfs', '/var/lib/mock/centos-7-x86_64_ciqshim/root/dev/shm'] with env {'TERM': 'vt100', 'SHELL': '/bin/sh', 'HOME': '/builddir', 'HOSTNAME': 'mock', 'PATH': '/usr/bin:/bin:/usr/sbin:/sbin', 'LANG': 'C.UTF-8'} and shell False
DEBUG util.py:608:  Child return code was: 0
DEBUG file_util.py:18:  ensuring that dir exists: /var/lib/mock/centos-7-x86_64_ciqshim/root/dev/pts
DEBUG util.py:634:  child environment: None
DEBUG util.py:556:  Executing command: ['/bin/mount', '-n', '-t', 'devpts', '-o', 'gid=5,mode=0620,ptmxmode=0666,newinstance', 'devpts', '/var/lib/mock/centos-7-x86_64_ciqshim/root/dev/pts'] with env {'TERM': 'vt100', 'SHELL': '/bin/sh', 'HOME': '/builddir', 'HOSTNAME': 'mock', 'PATH': '/usr/bin:/bin:/usr/sbin:/sbin', 'LANG': 'C.UTF-8'} and shell False
DEBUG util.py:608:  Child return code was: 0
DEBUG util.py:634:  child environment: None
DEBUG util.py:556:  Executing command: ['/bin/mount', '-n', '-o', 'bind', '/tmp/mock-selinux-plugin.ef7verxx', '/var/lib/mock/centos-7-x86_64_ciqshim/root/proc/filesystems'] with env {'TERM': 'vt100', 'SHELL': '/bin/sh', 'HOME': '/builddir', 'HOSTNAME': 'mock', 'PATH': '/usr/bin:/bin:/usr/sbin:/sbin', 'LANG': 'C.UTF-8'} and shell False
DEBUG util.py:608:  Child return code was: 0
DEBUG file_util.py:18:  ensuring that dir exists: /var/lib/mock/centos-7-x86_64_ciqshim/root/sys/fs/selinux
DEBUG util.py:634:  child environment: None
DEBUG util.py:556:  Executing command: ['/bin/mount', '-n', '-t', 'tmpfs', 'tmpfs', '/var/lib/mock/centos-7-x86_64_ciqshim/root/sys/fs/selinux'] with env {'TERM': 'vt100', 'SHELL': '/bin/sh', 'HOME': '/builddir', 'HOSTNAME': 'mock', 'PATH': '/usr/bin:/bin:/usr/sbin:/sbin', 'LANG': 'C.UTF-8'} and shell False
DEBUG util.py:608:  Child return code was: 0
DEBUG file_util.py:18:  ensuring that dir exists: /var/lib/mock/centos-7-x86_64_ciqshim-bootstrap/root/var/lib/mock/centos-7-x86_64_ciqshim/root
DEBUG util.py:634:  child environment: None
DEBUG util.py:556:  Executing command: ['/bin/mount', '-n', '-t', 'tmpfs', '-o', 'private,mode=0755', 'tmpfs', '/var/lib/mock/centos-7-x86_64_ciqshim-bootstrap/root/var/lib/mock/centos-7-x86_64_ciqshim/root'] with env {'TERM': 'vt100', 'SHELL': '/bin/sh', 'HOME': '/builddir', 'HOSTNAME': 'mock', 'PATH': '/usr/bin:/bin:/usr/sbin:/sbin', 'LANG': 'C.UTF-8'} and shell False
DEBUG util.py:608:  Child return code was: 0
DEBUG file_util.py:18:  ensuring that dir exists: /var/lib/mock/centos-7-x86_64_ciqshim-bootstrap/root/var/lib/mock/centos-7-x86_64_ciqshim/root
DEBUG util.py:634:  child environment: None
DEBUG util.py:556:  Executing command: ['/bin/mount', '-n', '-o', 'rbind', '/var/lib/mock/centos-7-x86_64_ciqshim/root', '/var/lib/mock/centos-7-x86_64_ciqshim-bootstrap/root/var/lib/mock/centos-7-x86_64_ciqshim/root'] with env {'TERM': 'vt100', 'SHELL': '/bin/sh', 'HOME': '/builddir', 'HOSTNAME': 'mock', 'PATH': '/usr/bin:/bin:/usr/sbin:/sbin', 'LANG': 'C.UTF-8'} and shell False
DEBUG util.py:608:  Child return code was: 0
DEBUG util.py:634:  child environment: None
DEBUG util.py:556:  Executing command: ['/bin/mount', '-n', '-o', 'remount,private,rbind', '--target', '/var/lib/mock/centos-7-x86_64_ciqshim-bootstrap/root/var/lib/mock/centos-7-x86_64_ciqshim/root'] with env {'TERM': 'vt100', 'SHELL': '/bin/sh', 'HOME': '/builddir', 'HOSTNAME': 'mock', 'PATH': '/usr/bin:/bin:/usr/sbin:/sbin', 'LANG': 'C.UTF-8'} and shell False
DEBUG util.py:608:  Child return code was: 0
DEBUG file_util.py:18:  ensuring that dir exists: /var/lib/mock/centos-7-x86_64_ciqshim/root/installation-homedir
DEBUG package_manager.py:295:  ['/usr/bin/yum', '--installroot', '/var/lib/mock/centos-7-x86_64_ciqshim/root/', '-y', '--releasever', '7', 'update']
DEBUG util.py:634:  child environment: None
DEBUG util.py:551:  Using nspawn with args ['--capability=cap_ipc_lock', '--bind=/tmp/mock-resolv.7esab_rj:/etc/resolv.conf']
DEBUG util.py:556:  Executing command: ['/usr/bin/systemd-nspawn', '-q', '-M', 'd38335e0e41b45c38080ed0120d51f76', '-D', '/var/lib/mock/centos-7-x86_64_ciqshim-bootstrap/root', '-a', '--capability=cap_ipc_lock', '--bind=/tmp/mock-resolv.7esab_rj:/etc/resolv.conf', '--console=pipe', '--setenv=TERM=vt100', '--setenv=SHELL=/bin/bash', '--setenv=HOME=/var/lib/mock/centos-7-x86_64_ciqshim/root/installation-homedir', '--setenv=HOSTNAME=mock', '--setenv=PATH=/usr/bin:/bin:/usr/sbin:/sbin', '--setenv=PROMPT_COMMAND=printf "\\033]0;<mock-chroot>\\007"', '--setenv=PS1=<mock-chroot> \\s-\\v\\$ ', '--setenv=LANG=C.UTF-8', '--setenv=LC_MESSAGES=C.UTF-8', '--resolv-conf=off', '/usr/bin/yum', '--installroot', '/var/lib/mock/centos-7-x86_64_ciqshim/root/', '-y', '--releasever', '7', 'update', '--setopt=tsflags=nocontexts'] with env {'TERM': 'vt100', 'SHELL': '/bin/bash', 'HOME': '/var/lib/mock/centos-7-x86_64_ciqshim/root/installation-homedir', 'HOSTNAME': 'mock', 'PATH': '/usr/bin:/bin:/usr/sbin:/sbin', 'PROMPT_COMMAND': 'printf "\\033]0;<mock-chroot>\\007"', 'PS1': '<mock-chroot> \\s-\\v\\$ ', 'LANG': 'C.UTF-8', 'LC_MESSAGES': 'C.UTF-8', 'SYSTEMD_NSPAWN_TMPFS_TMP': '0', 'SYSTEMD_SECCOMP': '0'} and shell False
DEBUG util.py:459:  Failed to set locale, defaulting to C
DEBUG util.py:461:  base                                                                                                                                                                    | 3.6 kB  00:00:00     
DEBUG util.py:461:  extras                                                                                                                                                                  | 2.9 kB  00:00:00     
DEBUG util.py:461:  updates                                                                                                                                                                 | 2.9 kB  00:00:00     
DEBUG util.py:461:  No packages marked for update
DEBUG util.py:608:  Child return code was: 0
DEBUG util.py:183:  kill orphans in chroot /var/lib/mock/centos-7-x86_64_ciqshim/root
DEBUG util.py:183:  kill orphans in chroot /var/lib/mock/centos-7-x86_64_ciqshim-bootstrap/root/var/lib/mock/centos-7-x86_64_ciqshim/root
DEBUG util.py:634:  child environment: None
DEBUG util.py:556:  Executing command: ['/bin/umount', '-n', '-l', '/var/lib/mock/centos-7-x86_64_ciqshim-bootstrap/root/var/lib/mock/centos-7-x86_64_ciqshim/root'] with env {'TERM': 'vt100', 'SHELL': '/bin/sh', 'HOME': '/builddir', 'HOSTNAME': 'mock', 'PATH': '/usr/bin:/bin:/usr/sbin:/sbin', 'LANG': 'C.UTF-8'} and shell False
DEBUG util.py:608:  Child return code was: 0
DEBUG util.py:634:  child environment: None
DEBUG util.py:556:  Executing command: ['/bin/umount', '-n', '-l', '/var/lib/mock/centos-7-x86_64_ciqshim-bootstrap/root/var/lib/mock/centos-7-x86_64_ciqshim/root'] with env {'TERM': 'vt100', 'SHELL': '/bin/sh', 'HOME': '/builddir', 'HOSTNAME': 'mock', 'PATH': '/usr/bin:/bin:/usr/sbin:/sbin', 'LANG': 'C.UTF-8'} and shell False
DEBUG util.py:608:  Child return code was: 0
DEBUG util.py:634:  child environment: None
DEBUG util.py:556:  Executing command: ['/bin/umount', '-n', '-l', '/var/lib/mock/centos-7-x86_64_ciqshim/root/sys/fs/selinux'] with env {'TERM': 'vt100', 'SHELL': '/bin/sh', 'HOME': '/builddir', 'HOSTNAME': 'mock', 'PATH': '/usr/bin:/bin:/usr/sbin:/sbin', 'LANG': 'C.UTF-8'} and shell False
DEBUG util.py:608:  Child return code was: 0
DEBUG util.py:634:  child environment: None
DEBUG util.py:556:  Executing command: ['/bin/umount', '-n', '/var/lib/mock/centos-7-x86_64_ciqshim/root/proc/filesystems'] with env {'TERM': 'vt100', 'SHELL': '/bin/sh', 'HOME': '/builddir', 'HOSTNAME': 'mock', 'PATH': '/usr/bin:/bin:/usr/sbin:/sbin', 'LANG': 'C.UTF-8'} and shell False
DEBUG util.py:608:  Child return code was: 0
DEBUG util.py:634:  child environment: None
DEBUG util.py:556:  Executing command: ['/bin/umount', '-n', '-l', '/var/lib/mock/centos-7-x86_64_ciqshim/root/dev/pts'] with env {'TERM': 'vt100', 'SHELL': '/bin/sh', 'HOME': '/builddir', 'HOSTNAME': 'mock', 'PATH': '/usr/bin:/bin:/usr/sbin:/sbin', 'LANG': 'C.UTF-8'} and shell False
DEBUG util.py:608:  Child return code was: 0
DEBUG util.py:634:  child environment: None
DEBUG util.py:556:  Executing command: ['/bin/umount', '-n', '-l', '/var/lib/mock/centos-7-x86_64_ciqshim/root/dev/shm'] with env {'TERM': 'vt100', 'SHELL': '/bin/sh', 'HOME': '/builddir', 'HOSTNAME': 'mock', 'PATH': '/usr/bin:/bin:/usr/sbin:/sbin', 'LANG': 'C.UTF-8'} and shell False
DEBUG util.py:608:  Child return code was: 0
DEBUG util.py:634:  child environment: None
DEBUG util.py:556:  Executing command: ['/bin/umount', '-n', '-l', '/var/lib/mock/centos-7-x86_64_ciqshim/root/sys'] with env {'TERM': 'vt100', 'SHELL': '/bin/sh', 'HOME': '/builddir', 'HOSTNAME': 'mock', 'PATH': '/usr/bin:/bin:/usr/sbin:/sbin', 'LANG': 'C.UTF-8'} and shell False
DEBUG util.py:608:  Child return code was: 0
DEBUG util.py:634:  child environment: None
DEBUG util.py:556:  Executing command: ['/bin/umount', '-n', '-l', '/var/lib/mock/centos-7-x86_64_ciqshim/root/sys'] with env {'TERM': 'vt100', 'SHELL': '/bin/sh', 'HOME': '/builddir', 'HOSTNAME': 'mock', 'PATH': '/usr/bin:/bin:/usr/sbin:/sbin', 'LANG': 'C.UTF-8'} and shell False
DEBUG util.py:608:  Child return code was: 0
DEBUG util.py:634:  child environment: None
DEBUG util.py:556:  Executing command: ['/bin/umount', '-n', '-l', '/var/lib/mock/centos-7-x86_64_ciqshim/root/proc'] with env {'TERM': 'vt100', 'SHELL': '/bin/sh', 'HOME': '/builddir', 'HOSTNAME': 'mock', 'PATH': '/usr/bin:/bin:/usr/sbin:/sbin', 'LANG': 'C.UTF-8'} and shell False
DEBUG util.py:608:  Child return code was: 0
DEBUG util.py:634:  child environment: None
DEBUG util.py:556:  Executing command: ['/bin/umount', '-n', '-l', '/var/lib/mock/centos-7-x86_64_ciqshim/root/proc'] with env {'TERM': 'vt100', 'SHELL': '/bin/sh', 'HOME': '/builddir', 'HOSTNAME': 'mock', 'PATH': '/usr/bin:/bin:/usr/sbin:/sbin', 'LANG': 'C.UTF-8'} and shell False
DEBUG util.py:608:  Child return code was: 0
DEBUG file_util.py:18:  ensuring that dir exists: /var/lib/mock/centos-7-x86_64_ciqshim-bootstrap/root/var/lib/mock/centos-7-x86_64_ciqshim/root
DEBUG util.py:634:  child environment: None
DEBUG util.py:556:  Executing command: ['/bin/mount', '-n', '-t', 'tmpfs', '-o', 'private,mode=0755', 'tmpfs', '/var/lib/mock/centos-7-x86_64_ciqshim-bootstrap/root/var/lib/mock/centos-7-x86_64_ciqshim/root'] with env {'TERM': 'vt100', 'SHELL': '/bin/sh', 'HOME': '/builddir', 'HOSTNAME': 'mock', 'PATH': '/usr/bin:/bin:/usr/sbin:/sbin', 'LANG': 'C.UTF-8'} and shell False
DEBUG util.py:608:  Child return code was: 0
DEBUG file_util.py:18:  ensuring that dir exists: /var/lib/mock/centos-7-x86_64_ciqshim-bootstrap/root/var/lib/mock/centos-7-x86_64_ciqshim/root
DEBUG util.py:634:  child environment: None
DEBUG util.py:556:  Executing command: ['/bin/mount', '-n', '-o', 'rbind', '/var/lib/mock/centos-7-x86_64_ciqshim/root', '/var/lib/mock/centos-7-x86_64_ciqshim-bootstrap/root/var/lib/mock/centos-7-x86_64_ciqshim/root'] with env {'TERM': 'vt100', 'SHELL': '/bin/sh', 'HOME': '/builddir', 'HOSTNAME': 'mock', 'PATH': '/usr/bin:/bin:/usr/sbin:/sbin', 'LANG': 'C.UTF-8'} and shell False
DEBUG util.py:608:  Child return code was: 0
DEBUG util.py:634:  child environment: None
DEBUG util.py:556:  Executing command: ['/bin/mount', '-n', '-o', 'remount,private,rbind', '--target', '/var/lib/mock/centos-7-x86_64_ciqshim-bootstrap/root/var/lib/mock/centos-7-x86_64_ciqshim/root'] with env {'TERM': 'vt100', 'SHELL': '/bin/sh', 'HOME': '/builddir', 'HOSTNAME': 'mock', 'PATH': '/usr/bin:/bin:/usr/sbin:/sbin', 'LANG': 'C.UTF-8'} and shell False
DEBUG util.py:608:  Child return code was: 0
DEBUG util.py:634:  child environment: None
DEBUG util.py:551:  Using nspawn with args ['--capability=cap_ipc_lock', '--bind=/tmp/mock-resolv.7esab_rj:/etc/resolv.conf']
DEBUG util.py:556:  Executing command: ['/usr/bin/systemd-nspawn', '-q', '-M', '13906f0a0db744b8a4853af561c64919', '-D', '/var/lib/mock/centos-7-x86_64_ciqshim-bootstrap/root', '-a', '--capability=cap_ipc_lock', '--bind=/tmp/mock-resolv.7esab_rj:/etc/resolv.conf', '--console=pipe', '--setenv=TERM=vt100', '--setenv=SHELL=/bin/bash', '--setenv=HOME=/builddir', '--setenv=HOSTNAME=mock', '--setenv=PATH=/usr/bin:/bin:/usr/sbin:/sbin', '--setenv=PROMPT_COMMAND=printf "\\033]0;<mock-chroot>\\007"', '--setenv=PS1=<mock-chroot> \\s-\\v\\$ ', '--setenv=LANG=C.UTF-8', '--resolv-conf=off', '/bin/rpm', '-qa', '--root', '/var/lib/mock/centos-7-x86_64_ciqshim/root'] with env {'TERM': 'vt100', 'SHELL': '/bin/bash', 'HOME': '/builddir', 'HOSTNAME': 'mock', 'PATH': '/usr/bin:/bin:/usr/sbin:/sbin', 'PROMPT_COMMAND': 'printf "\\033]0;<mock-chroot>\\007"', 'PS1': '<mock-chroot> \\s-\\v\\$ ', 'LANG': 'C.UTF-8', 'SYSTEMD_NSPAWN_TMPFS_TMP': '0', 'SYSTEMD_SECCOMP': '0'} and shell False
DEBUG util.py:461:  libgcc-4.8.5-44.el7.x86_64
DEBUG util.py:461:  setup-2.8.71-11.el7.noarch
DEBUG util.py:461:  basesystem-10.0-7.el7.centos.noarch
DEBUG util.py:461:  perl-srpm-macros-1-8.el7.noarch
DEBUG util.py:461:  tzdata-2024a-1.el7.noarch
DEBUG util.py:461:  glibc-common-2.17-326.el7_9.3.x86_64
DEBUG util.py:461:  nspr-4.35.0-1.el7_9.x86_64
DEBUG util.py:461:  libstdc++-4.8.5-44.el7.x86_64
DEBUG util.py:461:  bash-4.2.46-35.el7_9.x86_64
DEBUG util.py:461:  pcre-8.32-17.el7.x86_64
DEBUG util.py:461:  zlib-1.2.7-21.el7_9.x86_64
DEBUG util.py:461:  bzip2-libs-1.0.6-13.el7.x86_64
DEBUG util.py:461:  elfutils-libelf-0.176-5.el7.x86_64
DEBUG util.py:461:  sed-4.2.2-7.el7.x86_64
DEBUG util.py:461:  popt-1.13-16.el7.x86_64
DEBUG util.py:461:  libacl-2.2.51-15.el7.x86_64
DEBUG util.py:461:  readline-6.2-11.el7.x86_64
DEBUG util.py:461:  libgcrypt-1.5.3-14.el7.x86_64
DEBUG util.py:461:  chkconfig-1.7.6-1.el7.x86_64
DEBUG util.py:461:  grep-2.20-3.el7.x86_64
DEBUG util.py:461:  libuuid-2.23.2-65.el7_9.1.x86_64
DEBUG util.py:461:  libmpc-1.0.1-3.el7.x86_64
DEBUG util.py:461:  gawk-4.0.2-4.el7_3.1.x86_64
DEBUG util.py:461:  diffutils-3.3-6.el7_9.x86_64
DEBUG util.py:461:  file-libs-5.11-37.el7.x86_64
DEBUG util.py:461:  libcap-ng-0.7.5-4.el7.x86_64
DEBUG util.py:461:  p11-kit-0.23.5-3.el7.x86_64
DEBUG util.py:461:  nss-softokn-3.90.0-6.el7_9.x86_64
DEBUG util.py:461:  gdbm-1.10-8.el7.x86_64
DEBUG util.py:461:  file-5.11-37.el7.x86_64
DEBUG util.py:461:  pinentry-0.8.1-17.el7.x86_64
DEBUG util.py:461:  acl-2.2.51-15.el7.x86_64
DEBUG util.py:461:  groff-base-1.22.2-8.el7.x86_64
DEBUG util.py:461:  perl-HTTP-Tiny-0.033-3.el7.noarch
DEBUG util.py:461:  perl-Pod-Perldoc-3.20-4.el7.noarch
DEBUG util.py:461:  perl-Text-ParseWords-3.29-4.el7.noarch
DEBUG util.py:461:  perl-Pod-Usage-1.63-3.el7.noarch
DEBUG util.py:461:  perl-threads-1.87-4.el7.x86_64
DEBUG util.py:461:  perl-Carp-1.26-244.el7.noarch
DEBUG util.py:461:  perl-Exporter-5.68-3.el7.noarch
DEBUG util.py:461:  perl-Socket-2.010-5.el7.x86_64
DEBUG util.py:461:  perl-Time-Local-1.2300-2.el7.noarch
DEBUG util.py:461:  perl-File-Path-2.09-2.el7.noarch
DEBUG util.py:461:  perl-threads-shared-1.43-6.el7.x86_64
DEBUG util.py:461:  perl-libs-5.16.3-299.el7_9.x86_64
DEBUG util.py:461:  perl-Getopt-Long-2.40-3.el7.noarch
DEBUG util.py:461:  perl-Thread-Queue-3.02-2.el7.noarch
DEBUG util.py:461:  dwz-0.11-3.el7.x86_64
DEBUG util.py:461:  libxml2-2.9.1-6.el7_9.6.x86_64
DEBUG util.py:461:  unzip-6.0-24.el7_9.x86_64
DEBUG util.py:461:  libidn-1.28-4.el7.x86_64
DEBUG util.py:461:  glibc-headers-2.17-326.el7_9.3.x86_64
DEBUG util.py:461:  ncurses-5.9-14.20130511.el7_4.x86_64
DEBUG util.py:461:  pth-2.0.7-23.el7.x86_64
DEBUG util.py:461:  ustr-1.0.4-16.el7.x86_64
DEBUG util.py:461:  libverto-0.2.5-4.el7.x86_64
DEBUG util.py:461:  p11-kit-trust-0.23.5-3.el7.x86_64
DEBUG util.py:461:  hardlink-1.0-19.el7.x86_64
DEBUG util.py:461:  keyutils-libs-1.5.8-3.el7.x86_64
DEBUG util.py:461:  coreutils-8.22-24.el7_9.2.x86_64
DEBUG util.py:461:  libblkid-2.23.2-65.el7_9.1.x86_64
DEBUG util.py:461:  cracklib-2.9.0-11.el7.x86_64
DEBUG util.py:461:  glib2-2.56.1-9.el7_9.x86_64
DEBUG util.py:461:  shadow-utils-4.6-5.el7.x86_64
DEBUG util.py:461:  pkgconfig-0.27.1-4.el7.x86_64
DEBUG util.py:461:  pam-1.1.8-23.el7.x86_64
DEBUG util.py:461:  gcc-4.8.5-44.el7.x86_64
DEBUG util.py:461:  cyrus-sasl-lib-2.1.26-24.el7_9.x86_64
DEBUG util.py:461:  nss-3.90.0-2.el7_9.x86_64
DEBUG util.py:461:  nss-tools-3.90.0-2.el7_9.x86_64
DEBUG util.py:461:  gdb-7.6.1-120.el7.x86_64
DEBUG util.py:461:  libcurl-7.29.0-59.el7_9.2.x86_64
DEBUG util.py:461:  rpm-libs-4.11.3-48.el7_9.x86_64
DEBUG util.py:461:  openldap-2.4.44-25.el7_9.x86_64
DEBUG util.py:461:  gnupg2-2.0.22-5.el7_5.x86_64
DEBUG util.py:461:  json-c-0.11-4.el7_0.x86_64
DEBUG util.py:461:  procps-ng-3.3.10-28.el7.x86_64
DEBUG util.py:461:  kpartx-0.4.9-136.el7_9.x86_64
DEBUG util.py:461:  cryptsetup-libs-2.0.3-6.el7.x86_64
DEBUG util.py:461:  kmod-20-28.el7.x86_64
DEBUG util.py:461:  systemd-libs-219-78.el7_9.9.x86_64
DEBUG util.py:461:  systemd-219-78.el7_9.9.x86_64
DEBUG util.py:461:  elfutils-default-yama-scope-0.176-5.el7.noarch
DEBUG util.py:461:  python-srpm-macros-3-34.el7.noarch
DEBUG util.py:461:  rpm-build-4.11.3-48.el7_9.x86_64
DEBUG util.py:461:  which-2.20-7.el7.x86_64
DEBUG util.py:461:  gpg-pubkey-f4a80eb5-53a7ff4b
DEBUG util.py:461:  centos-release-7-9.2009.2.el7.centos.x86_64
DEBUG util.py:461:  filesystem-3.2-25.el7.x86_64
DEBUG util.py:461:  ncurses-base-5.9-14.20130511.el7_4.noarch
DEBUG util.py:461:  kernel-headers-3.10.0-1160.119.1.el7.x86_64
DEBUG util.py:461:  nss-softokn-freebl-3.90.0-6.el7_9.x86_64
DEBUG util.py:461:  glibc-2.17-326.el7_9.3.x86_64
DEBUG util.py:461:  nss-util-3.90.0-1.el7_9.x86_64
DEBUG util.py:461:  ncurses-libs-5.9-14.20130511.el7_4.x86_64
DEBUG util.py:461:  libsepol-2.5-10.el7.x86_64
DEBUG util.py:461:  libselinux-2.5-15.el7.x86_64
DEBUG util.py:461:  info-5.1-5.el7.x86_64
DEBUG util.py:461:  xz-libs-5.2.2-2.el7_9.x86_64
DEBUG util.py:461:  libdb-5.3.21-25.el7.x86_64
DEBUG util.py:461:  gmp-6.0.0-15.el7.x86_64
DEBUG util.py:461:  libattr-2.4.46-13.el7.x86_64
DEBUG util.py:461:  libcap-2.22-11.el7.x86_64
DEBUG util.py:461:  libgpg-error-1.12-3.el7.x86_64
DEBUG util.py:461:  lua-5.1.4-15.el7.x86_64
DEBUG util.py:461:  mpfr-3.1.1-4.el7.x86_64
DEBUG util.py:461:  libffi-3.0.13-19.el7.x86_64
DEBUG util.py:461:  libcom_err-1.42.9-19.el7.x86_64
DEBUG util.py:461:  xz-5.2.2-2.el7_9.x86_64
DEBUG util.py:461:  findutils-4.5.11-6.el7.x86_64
DEBUG util.py:461:  cpio-2.11-28.el7.x86_64
DEBUG util.py:461:  expat-2.1.0-15.el7_9.x86_64
DEBUG util.py:461:  audit-libs-2.8.5-4.el7.x86_64
DEBUG util.py:461:  sqlite-3.7.17-8.el7_7.1.x86_64
DEBUG util.py:461:  tar-1.26-35.el7.x86_64
DEBUG util.py:461:  lz4-1.8.3-1.el7.x86_64
DEBUG util.py:461:  cpp-4.8.5-44.el7.x86_64
DEBUG util.py:461:  libassuan-2.1.0-3.el7.x86_64
DEBUG util.py:461:  patch-2.7.1-12.el7_7.x86_64
DEBUG util.py:461:  perl-parent-0.225-244.el7.noarch
DEBUG util.py:461:  perl-podlators-2.5.1-3.el7.noarch
DEBUG util.py:461:  perl-Pod-Escapes-1.04-299.el7_9.noarch
DEBUG util.py:461:  perl-Encode-2.51-7.el7.x86_64
DEBUG util.py:461:  perl-Time-HiRes-1.9725-3.el7.x86_64
DEBUG util.py:461:  perl-Storable-2.45-3.el7.x86_64
DEBUG util.py:461:  perl-Filter-1.49-3.el7.x86_64
DEBUG util.py:461:  perl-constant-1.27-2.el7.noarch
DEBUG util.py:461:  perl-macros-5.16.3-299.el7_9.x86_64
DEBUG util.py:461:  perl-File-Temp-0.23.01-3.el7.noarch
DEBUG util.py:461:  perl-PathTools-3.40-5.el7.x86_64
DEBUG util.py:461:  perl-Scalar-List-Utils-1.27-248.el7.x86_64
DEBUG util.py:461:  perl-Pod-Simple-3.28-4.el7.noarch
DEBUG util.py:461:  perl-5.16.3-299.el7_9.x86_64
DEBUG util.py:461:  libdb-utils-5.3.21-25.el7.x86_64
DEBUG util.py:461:  kmod-libs-20-28.el7.x86_64
DEBUG util.py:461:  bzip2-1.0.6-13.el7.x86_64
DEBUG util.py:461:  zip-3.0-11.el7.x86_64
DEBUG util.py:461:  libgomp-4.8.5-44.el7.x86_64
DEBUG util.py:461:  glibc-devel-2.17-326.el7_9.3.x86_64
DEBUG util.py:461:  libstdc++-devel-4.8.5-44.el7.x86_64
DEBUG util.py:461:  libsmartcols-2.23.2-65.el7_9.1.x86_64
DEBUG util.py:461:  libsemanage-2.5-14.el7.x86_64
DEBUG util.py:461:  libtasn1-4.10-1.el7.x86_64
DEBUG util.py:461:  ca-certificates-2023.2.60_v7.0.306-72.el7_9.noarch
DEBUG util.py:461:  qrencode-libs-3.4.1-3.el7.x86_64
DEBUG util.py:461:  openssl-libs-1.0.2k-26.el7_9.x86_64
DEBUG util.py:461:  krb5-libs-1.15.1-55.el7_9.x86_64
DEBUG util.py:461:  gzip-1.5-11.el7_9.x86_64
DEBUG util.py:461:  libmount-2.23.2-65.el7_9.1.x86_64
DEBUG util.py:461:  shared-mime-info-1.8-5.el7.x86_64
DEBUG util.py:461:  binutils-2.27-44.base.el7_9.1.x86_64
DEBUG util.py:461:  cracklib-dicts-2.9.0-11.el7.x86_64
DEBUG util.py:461:  libpwquality-1.2.3-5.el7.x86_64
DEBUG util.py:461:  libutempter-1.1.6-4.el7.x86_64
DEBUG util.py:461:  nss-pem-1.0.3-7.el7_9.1.x86_64
DEBUG util.py:461:  nss-sysinit-3.90.0-2.el7_9.x86_64
DEBUG util.py:461:  python-libs-2.7.5-94.el7_9.x86_64
DEBUG util.py:461:  libssh2-1.8.0-4.el7_9.1.x86_64
DEBUG util.py:461:  curl-7.29.0-59.el7_9.2.x86_64
DEBUG util.py:461:  rpm-4.11.3-48.el7_9.x86_64
DEBUG util.py:461:  libuser-0.60-9.el7.x86_64
DEBUG util.py:461:  rpm-build-libs-4.11.3-48.el7_9.x86_64
DEBUG util.py:461:  util-linux-2.23.2-65.el7_9.1.x86_64
DEBUG util.py:461:  device-mapper-1.02.170-6.el7_9.5.x86_64
DEBUG util.py:461:  device-mapper-libs-1.02.170-6.el7_9.5.x86_64
DEBUG util.py:461:  dracut-033-572.el7.x86_64
DEBUG util.py:461:  elfutils-libs-0.176-5.el7.x86_64
DEBUG util.py:461:  dbus-libs-1.10.24-15.el7.x86_64
DEBUG util.py:461:  dbus-1.10.24-15.el7.x86_64
DEBUG util.py:461:  elfutils-0.176-5.el7.x86_64
DEBUG util.py:461:  redhat-rpm-config-9.1.0-88.el7.centos.noarch
DEBUG util.py:461:  gcc-c++-4.8.5-44.el7.x86_64
DEBUG util.py:461:  make-3.82-24.el7.x86_64
DEBUG util.py:608:  Child return code was: 0
DEBUG util.py:183:  kill orphans in chroot /var/lib/mock/centos-7-x86_64_ciqshim/root
DEBUG util.py:183:  kill orphans in chroot /var/lib/mock/centos-7-x86_64_ciqshim-bootstrap/root/var/lib/mock/centos-7-x86_64_ciqshim/root
DEBUG util.py:634:  child environment: None
DEBUG util.py:556:  Executing command: ['/bin/umount', '-n', '-l', '/var/lib/mock/centos-7-x86_64_ciqshim-bootstrap/root/var/lib/mock/centos-7-x86_64_ciqshim/root'] with env {'TERM': 'vt100', 'SHELL': '/bin/sh', 'HOME': '/builddir', 'HOSTNAME': 'mock', 'PATH': '/usr/bin:/bin:/usr/sbin:/sbin', 'LANG': 'C.UTF-8'} and shell False
DEBUG util.py:608:  Child return code was: 0
DEBUG util.py:634:  child environment: None
DEBUG util.py:556:  Executing command: ['/bin/umount', '-n', '-l', '/var/lib/mock/centos-7-x86_64_ciqshim-bootstrap/root/var/lib/mock/centos-7-x86_64_ciqshim/root'] with env {'TERM': 'vt100', 'SHELL': '/bin/sh', 'HOME': '/builddir', 'HOSTNAME': 'mock', 'PATH': '/usr/bin:/bin:/usr/sbin:/sbin', 'LANG': 'C.UTF-8'} and shell False
DEBUG util.py:608:  Child return code was: 0
DEBUG file_util.py:18:  ensuring that dir exists: /var/lib/mock/centos-7-x86_64_ciqshim/root/builddir/build
DEBUG file_util.py:18:  ensuring that dir exists: /var/lib/mock/centos-7-x86_64_ciqshim/root/builddir/build/RPMS
DEBUG file_util.py:21:  created dir: /var/lib/mock/centos-7-x86_64_ciqshim/root/builddir/build/RPMS
DEBUG file_util.py:18:  ensuring that dir exists: /var/lib/mock/centos-7-x86_64_ciqshim/root/builddir/build/SPECS
DEBUG file_util.py:21:  created dir: /var/lib/mock/centos-7-x86_64_ciqshim/root/builddir/build/SPECS
DEBUG file_util.py:18:  ensuring that dir exists: /var/lib/mock/centos-7-x86_64_ciqshim/root/builddir/build/SRPMS
DEBUG file_util.py:21:  created dir: /var/lib/mock/centos-7-x86_64_ciqshim/root/builddir/build/SRPMS
DEBUG file_util.py:18:  ensuring that dir exists: /var/lib/mock/centos-7-x86_64_ciqshim/root/builddir/build/SOURCES
DEBUG file_util.py:18:  ensuring that dir exists: /var/lib/mock/centos-7-x86_64_ciqshim/root/builddir/build/BUILD
DEBUG file_util.py:21:  created dir: /var/lib/mock/centos-7-x86_64_ciqshim/root/builddir/build/BUILD
DEBUG file_util.py:18:  ensuring that dir exists: /var/lib/mock/centos-7-x86_64_ciqshim/root/builddir/build/BUILDROOT
DEBUG file_util.py:21:  created dir: /var/lib/mock/centos-7-x86_64_ciqshim/root/builddir/build/BUILDROOT
DEBUG file_util.py:18:  ensuring that dir exists: /var/lib/mock/centos-7-x86_64_ciqshim/root/builddir/build/originals
DEBUG file_util.py:21:  created dir: /var/lib/mock/centos-7-x86_64_ciqshim/root/builddir/build/originals
DEBUG file_util.py:18:  ensuring that dir exists: /var/lib/mock/centos-7-x86_64_ciqshim/root/builddir
DEBUG util.py:634:  child environment: None
DEBUG util.py:556:  Executing command: ['userdel', '-f', 'mockbuild', '--prefix', '/var/lib/mock/centos-7-x86_64_ciqshim/root'] with env {'TERM': 'vt100', 'SHELL': '/bin/sh', 'HOME': '/builddir', 'HOSTNAME': 'mock', 'PATH': '/usr/bin:/bin:/usr/sbin:/sbin', 'LANG': 'C.UTF-8'} and shell False
DEBUG util.py:608:  Child return code was: 0
DEBUG util.py:634:  child environment: None
DEBUG util.py:556:  Executing command: ['groupdel', 'mock', '--prefix', '/var/lib/mock/centos-7-x86_64_ciqshim/root'] with env {'TERM': 'vt100', 'SHELL': '/bin/sh', 'HOME': '/builddir', 'HOSTNAME': 'mock', 'PATH': '/usr/bin:/bin:/usr/sbin:/sbin', 'LANG': 'C.UTF-8'} and shell False
DEBUG util.py:608:  Child return code was: 0
DEBUG util.py:634:  child environment: None
DEBUG util.py:556:  Executing command: ['groupadd', 'mock', '-g', '135', '--prefix', '/var/lib/mock/centos-7-x86_64_ciqshim/root'] with env {'TERM': 'vt100', 'SHELL': '/bin/sh', 'HOME': '/builddir', 'HOSTNAME': 'mock', 'PATH': '/usr/bin:/bin:/usr/sbin:/sbin', 'LANG': 'C.UTF-8'} and shell False
DEBUG util.py:608:  Child return code was: 0
DEBUG util.py:634:  child environment: None
DEBUG util.py:556:  Executing command: ['useradd', 'mockbuild', '-o', '-u', '1000', '-g', '135', '-N', '-d', '/builddir', '--prefix', '/var/lib/mock/centos-7-x86_64_ciqshim/root'] with env {'TERM': 'vt100', 'SHELL': '/bin/sh', 'HOME': '/builddir', 'HOSTNAME': 'mock', 'PATH': '/usr/bin:/bin:/usr/sbin:/sbin', 'LANG': 'C.UTF-8'} and shell False
DEBUG util.py:459:  useradd: warning: the home directory /builddir already exists.
DEBUG util.py:459:  useradd: Not copying any file from skel directory into it.
DEBUG util.py:459:  Creating mailbox file: File exists
DEBUG util.py:608:  Child return code was: 0
DEBUG file_util.py:30:  touching file: /var/lib/mock/centos-7-x86_64_ciqshim/root/.initialized
DEBUG util.py:634:  child environment: None
DEBUG backend.py:613:  Copying package to result dir
DEBUG util.py:183:  kill orphans in chroot /var/lib/mock/centos-7-x86_64_ciqshim/root
DEBUG util.py:634:  child environment: None
DEBUG util.py:556:  Executing command: ['/bin/umount', '-n', '/var/lib/mock/centos-7-x86_64_ciqshim/root/var/cache/dnf'] with env {'TERM': 'vt100', 'SHELL': '/bin/sh', 'HOME': '/builddir', 'HOSTNAME': 'mock', 'PATH': '/usr/bin:/bin:/usr/sbin:/sbin', 'LANG': 'C.UTF-8'} and shell False
DEBUG util.py:608:  Child return code was: 0
DEBUG util.py:634:  child environment: None
DEBUG util.py:556:  Executing command: ['/bin/umount', '-n', '/var/lib/mock/centos-7-x86_64_ciqshim/root/var/cache/yum'] with env {'TERM': 'vt100', 'SHELL': '/bin/sh', 'HOME': '/builddir', 'HOSTNAME': 'mock', 'PATH': '/usr/bin:/bin:/usr/sbin:/sbin', 'LANG': 'C.UTF-8'} and shell False
DEBUG util.py:608:  Child return code was: 0
DEBUG util.py:634:  child environment: None
DEBUG util.py:556:  Executing command: ['btrfs', 'subv', 'list', '/var/lib/mock'] with env {'TERM': 'vt100', 'SHELL': '/bin/sh', 'HOME': '/builddir', 'HOSTNAME': 'mock', 'PATH': '/usr/bin:/bin:/usr/sbin:/sbin', 'LANG': 'C.UTF-8'} and shell False
DEBUG util.py:459:  ERROR: not a btrfs filesystem: /var/lib/mock
DEBUG util.py:459:  ERROR: can't access '/var/lib/mock'
DEBUG util.py:608:  Child return code was: 1
DEBUG util.py:933:  Please ignore the error above about btrfs.
DEBUG util.py:183:  kill orphans in chroot /var/lib/mock/centos-7-x86_64_ciqshim-bootstrap/root
DEBUG util.py:634:  child environment: None
DEBUG util.py:556:  Executing command: ['/bin/umount', '-n', '/var/lib/mock/centos-7-x86_64_ciqshim-bootstrap/root/var/cache/dnf'] with env {'TERM': 'vt100', 'SHELL': '/bin/sh', 'HOME': '/builddir', 'HOSTNAME': 'mock', 'PATH': '/usr/bin:/bin:/usr/sbin:/sbin', 'LANG': 'C.UTF-8'} and shell False
DEBUG util.py:608:  Child return code was: 0
DEBUG util.py:634:  child environment: None
DEBUG util.py:556:  Executing command: ['/bin/umount', '-n', '/var/lib/mock/centos-7-x86_64_ciqshim-bootstrap/root/var/cache/yum'] with env {'TERM': 'vt100', 'SHELL': '/bin/sh', 'HOME': '/builddir', 'HOSTNAME': 'mock', 'PATH': '/usr/bin:/bin:/usr/sbin:/sbin', 'LANG': 'C.UTF-8'} and shell False
DEBUG util.py:608:  Child return code was: 0
