2026-03-04 15:32:20,195 - Mock Version: 6.6
2026-03-04 15:32:20,202 - Start(bootstrap): chroot init
2026-03-04 15:32:20,225 - Start(bootstrap): cleaning package manager metadata
2026-03-04 15:32:20,226 - Finish(bootstrap): cleaning package manager metadata
2026-03-04 15:32:20,647 - Finish(bootstrap): chroot init
2026-03-04 15:32:20,650 - Start: chroot init
2026-03-04 15:32:20,677 - Start: cleaning package manager metadata
2026-03-04 15:32:20,678 - Finish: cleaning package manager metadata
2026-03-04 15:32:21,100 - Start: installing minimal buildroot with yum
2026-03-04 15:32:53,749 - Finish: installing minimal buildroot with yum
2026-03-04 15:32:54,077 - Start: creating root cache
2026-03-04 15:32:54,999 - Finish: creating root cache
2026-03-04 15:32:55,000 - Finish: chroot init
2026-03-04 15:32:55,353 - Start: build phase for shim-unsigned-x64-16.1-0.el7_9.ciqcbr.src.rpm
2026-03-04 15:32:55,354 - Start: build setup for shim-unsigned-x64-16.1-0.el7_9.ciqcbr.src.rpm
2026-03-04 15:33:05,569 - Finish: build setup for shim-unsigned-x64-16.1-0.el7_9.ciqcbr.src.rpm
2026-03-04 15:33:05,570 - Start: rpmbuild shim-unsigned-x64-16.1-0.el7_9.ciqcbr.src.rpm
2026-03-04 15:33:05,572 - Start: Outputting list of installed packages
2026-03-04 15:33:05,982 - Finish: Outputting list of installed packages
2026-03-04 15:33:27,897 - Finish: rpmbuild shim-unsigned-x64-16.1-0.el7_9.ciqcbr.src.rpm
2026-03-04 15:33:27,903 - Finish: build phase for shim-unsigned-x64-16.1-0.el7_9.ciqcbr.src.rpm
2026-03-04 15:33:27,907 - Finish: run
