CPU info:
Architecture:                            aarch64
CPU op-mode(s):                          64-bit
Byte Order:                              Little Endian
CPU(s):                                  8
On-line CPU(s) list:                     0-7
Vendor ID:                               Apple
Model:                                   0
Thread(s) per core:                      1
Core(s) per socket:                      8
Socket(s):                               1
Stepping:                                0x0
BogoMIPS:                                48.00
Flags:                                   fp asimd evtstrm aes pmull sha1 sha2 crc32 atomics fphp asimdhp cpuid asimdrdm jscvt fcma lrcpc dcpop sha3 asimddp sha512 asimdfhm dit uscat ilrcpc flagm sb dcpodp flagm2 frint bf16
NUMA node(s):                            1
NUMA node0 CPU(s):                       0-7
Vulnerability Gather data sampling:      Not affected
Vulnerability Indirect target selection: Not affected
Vulnerability Itlb multihit:             Not affected
Vulnerability L1tf:                      Not affected
Vulnerability Mds:                       Not affected
Vulnerability Meltdown:                  Not affected
Vulnerability Mmio stale data:           Not affected
Vulnerability Reg file data sampling:    Not affected
Vulnerability Retbleed:                  Not affected
Vulnerability Spec rstack overflow:      Not affected
Vulnerability Spec store bypass:         Vulnerable
Vulnerability Spectre v1:                Mitigation; __user pointer sanitization
Vulnerability Spectre v2:                Mitigation; CSV2, but not BHB
Vulnerability Srbds:                     Not affected
Vulnerability Tsa:                       Not affected
Vulnerability Tsx async abort:           Not affected
Vulnerability Vmscape:                   Not affected


Memory:
               total        used        free      shared  buff/cache   available
Mem:           3.5Gi       531Mi       2.1Gi        12Mi       1.1Gi       3.0Gi
Swap:          3.9Gi          0B       3.9Gi


Storage (chroot, cache_topdir):
Filesystem          Type  Size  Used Avail Use% Mounted on
/dev/mapper/rl-root xfs    43G  2.7G   40G   7% /
/dev/mapper/rl-root xfs    43G  2.7G   40G   7% /
