alternatives-1.20-2.el9.aarch64
annobin-11.05-1.el9.aarch64
audit-libs-3.0.7-103.el9.aarch64
basesystem-11-13.el9.noarch
bash-5.1.8-6.el9_1.aarch64
binutils-2.35.2-37.el9.aarch64
binutils-gold-2.35.2-37.el9.aarch64
bzip2-1.0.8-8.el9.aarch64
bzip2-libs-1.0.8-8.el9.aarch64
ca-certificates-2022.2.54-90.2.el9.noarch
checkpolicy-3.5-1.el9.aarch64
coreutils-single-8.32-34.el9.aarch64
cpio-2.13-16.el9.aarch64
cpp-11.3.1-4.3.el9.aarch64
cracklib-2.9.6-27.el9.aarch64
cracklib-dicts-2.9.6-27.el9.aarch64
crypto-policies-20221215-1.git9a18988.el9.noarch
crypto-policies-scripts-20221215-1.git9a18988.el9.noarch
curl-minimal-7.76.1-23.el9_2.1.aarch64
cyrus-sasl-lib-2.1.27-21.el9.aarch64
dbus-libs-1.12.20-7.el9_2.1.aarch64
diffutils-3.7-12.el9.aarch64
dnf-4.14.0-5.el9_2.noarch
dnf-data-4.14.0-5.el9_2.noarch
dnf-plugins-core-4.3.0-5.el9_2.noarch
dos2unix-7.4.2-4.el9.aarch64
dwz-0.14-3.el9.aarch64
ed-1.14.2-12.el9.aarch64
efi-srpm-macros-6-2.el9_0.noarch
efivar-libs-38-3.el9.aarch64
elfutils-0.188-3.el9.aarch64
elfutils-debuginfod-client-0.188-3.el9.aarch64
elfutils-default-yama-scope-0.188-3.el9.noarch
elfutils-libelf-0.188-3.el9.aarch64
elfutils-libelf-devel-0.188-3.el9.aarch64
elfutils-libs-0.188-3.el9.aarch64
emacs-filesystem-27.2-8.el9_2.1.noarch
environment-modules-5.0.1-2.el9.aarch64
expat-2.5.0-1.el9.aarch64
file-5.39-12.1.el9_2.aarch64
file-libs-5.39-12.1.el9_2.aarch64
filesystem-3.16-2.el9.aarch64
findutils-4.8.0-5.el9.aarch64
fonts-srpm-macros-2.0.5-7.el9.1.noarch
gawk-5.1.0-6.el9.aarch64
gcc-11.3.1-4.3.el9.aarch64
gcc-plugin-annobin-11.3.1-4.3.el9.aarch64
gcc-toolset-12-binutils-2.38-17.el9_2.1.aarch64
gcc-toolset-12-binutils-gold-2.38-17.el9_2.1.aarch64
gcc-toolset-12-runtime-12.0-6.el9.aarch64
gdb-minimal-10.2-10.el9.0.1.aarch64
gdbm-libs-1.19-4.el9.aarch64
ghc-srpm-macros-1.5.0-6.el9.noarch
git-2.39.3-1.el9_2.aarch64
git-core-2.39.3-1.el9_2.aarch64
git-core-doc-2.39.3-1.el9_2.noarch
glib2-2.68.4-6.el9.aarch64
glibc-2.34-60.el9_2.7.aarch64
glibc-common-2.34-60.el9_2.7.aarch64
glibc-devel-2.34-60.el9_2.7.aarch64
glibc-gconv-extra-2.34-60.el9_2.7.aarch64
glibc-minimal-langpack-2.34-60.el9_2.7.aarch64
gmp-6.2.0-10.el9.aarch64
gnupg2-2.3.3-2.el9_0.aarch64
gnutls-3.7.6-20.el9_2.aarch64
go-srpm-macros-3.2.0-1.el9.noarch
gpg-pubkey-350d275d-6279464b
gpgme-1.15.1-6.el9.aarch64
grep-3.6-5.el9.aarch64
groff-base-1.22.4-10.el9.aarch64
gzip-1.12-1.el9.aarch64
hostname-3.23-6.el9.aarch64
ima-evm-utils-1.4-4.el9.aarch64
info-6.7-15.el9.aarch64
json-c-0.14-11.el9.aarch64
kernel-headers-5.14.0-284.30.1.el9_2.aarch64
kernel-srpm-macros-1.0-12.el9.noarch
keyutils-libs-1.6.3-1.el9.aarch64
krb5-libs-1.20.1-8.el9.aarch64
less-590-1.el9_0.aarch64
libacl-2.3.1-3.el9.aarch64
libarchive-3.5.3-4.el9.aarch64
libasan-11.3.1-4.3.el9.aarch64
libassuan-2.5.5-3.el9.aarch64
libatomic-11.3.1-4.3.el9.aarch64
libattr-2.5.1-3.el9.aarch64
libblkid-2.37.4-11.el9_2.aarch64
libcap-2.48-8.el9.aarch64
libcap-ng-0.8.2-7.el9.aarch64
libcbor-0.7.0-5.el9.aarch64
libcom_err-1.46.5-3.el9.aarch64
libcomps-0.1.18-1.el9.aarch64
libcurl-minimal-7.76.1-23.el9_2.1.aarch64
libdb-5.3.28-53.el9.aarch64
libdnf-0.69.0-3.el9_2.aarch64
libeconf-0.4.1-2.el9.aarch64
libedit-3.1-37.20210216cvs.el9.aarch64
libevent-2.1.12-6.el9.aarch64
libfdisk-2.37.4-11.el9_2.aarch64
libffi-3.4.2-7.el9.aarch64
libfido2-1.6.0-7.el9.aarch64
libgcc-11.3.1-4.3.el9.aarch64
libgcrypt-1.10.0-10.el9_2.aarch64
libgomp-11.3.1-4.3.el9.aarch64
libgpg-error-1.42-5.el9.aarch64
libidn2-2.3.0-7.el9.aarch64
libksba-1.5.1-6.el9_1.aarch64
libmodulemd-2.13.0-2.el9.aarch64
libmount-2.37.4-11.el9_2.aarch64
libmpc-1.2.1-4.el9.aarch64
libnghttp2-1.43.0-5.el9.aarch64
libpipeline-1.5.3-4.el9.aarch64
libpkgconf-1.7.3-10.el9.aarch64
libpwquality-1.4.4-8.el9.aarch64
librepo-1.14.5-1.el9.aarch64
libreport-filesystem-2.15.2-6.el9.rocky.0.2.noarch
libselinux-3.5-1.el9.aarch64
libselinux-utils-3.5-1.el9.aarch64
libsemanage-3.5-1.el9.aarch64
libsepol-3.5-1.el9.aarch64
libsigsegv-2.13-4.el9.aarch64
libsmartcols-2.37.4-11.el9_2.aarch64
libsolv-0.7.22-4.el9.aarch64
libstdc++-11.3.1-4.3.el9.aarch64
libtasn1-4.16.0-8.el9_1.aarch64
libubsan-11.3.1-4.3.el9.aarch64
libunistring-0.9.10-15.el9.aarch64
libusbx-1.0.26-1.el9.aarch64
libuser-0.63-12.el9.aarch64
libutempter-1.2.1-6.el9.aarch64
libuuid-2.37.4-11.el9_2.aarch64
libverto-0.3.2-3.el9.aarch64
libxcrypt-4.4.18-3.el9.aarch64
libxcrypt-devel-4.4.18-3.el9.aarch64
libxml2-2.9.13-3.el9_1.aarch64
libyaml-0.2.5-7.el9.aarch64
libzstd-1.5.1-2.el9.aarch64
llvm-libs-15.0.7-1.el9.aarch64
lua-libs-5.4.4-3.el9.aarch64
lua-srpm-macros-1-6.el9.noarch
lz4-libs-1.9.3-5.el9.aarch64
make-4.3-7.el9.aarch64
man-db-2.9.3-7.el9.aarch64
mpfr-4.1.0-7.el9.aarch64
ncurses-6.2-8.20210508.el9.aarch64
ncurses-base-6.2-8.20210508.el9.noarch
ncurses-libs-6.2-8.20210508.el9.aarch64
nettle-3.8-3.el9_0.aarch64
npth-1.6-8.el9.aarch64
nspr-4.35.0-3.el9_2.aarch64
nss-3.90.0-3.el9_2.aarch64
nss-softokn-3.90.0-3.el9_2.aarch64
nss-softokn-freebl-3.90.0-3.el9_2.aarch64
nss-sysinit-3.90.0-3.el9_2.aarch64
nss-tools-3.90.0-3.el9_2.aarch64
nss-util-3.90.0-3.el9_2.aarch64
ocaml-srpm-macros-6-6.el9.noarch
openblas-srpm-macros-2-11.el9.noarch
openldap-2.6.2-3.el9.aarch64
openssh-8.7p1-30.el9_2.aarch64
openssh-clients-8.7p1-30.el9_2.aarch64
openssl-3.0.7-17.el9_2.aarch64
openssl-devel-3.0.7-17.el9_2.aarch64
openssl-libs-3.0.7-17.el9_2.aarch64
p11-kit-0.24.1-2.el9.aarch64
p11-kit-trust-0.24.1-2.el9.aarch64
pam-1.5.1-14.el9.aarch64
passwd-0.80-12.el9.aarch64
patch-2.7.6-16.el9.aarch64
pcre-8.44-3.el9.3.aarch64
pcre2-10.40-2.el9.aarch64
pcre2-syntax-10.40-2.el9.noarch
perl-AutoLoader-5.74-480.el9.noarch
perl-B-1.80-480.el9.aarch64
perl-Carp-1.50-460.el9.noarch
perl-Class-Struct-0.66-480.el9.noarch
perl-Data-Dumper-2.174-462.el9.aarch64
perl-Digest-1.19-4.el9.noarch
perl-Digest-MD5-2.58-4.el9.aarch64
perl-DynaLoader-1.47-480.el9.aarch64
perl-Encode-3.08-462.el9.aarch64
perl-Errno-1.30-480.el9.aarch64
perl-Error-0.17029-7.el9.noarch
perl-Exporter-5.74-461.el9.noarch
perl-Fcntl-1.13-480.el9.aarch64
perl-File-Basename-2.85-480.el9.noarch
perl-File-Find-1.37-480.el9.noarch
perl-File-Path-2.18-4.el9.noarch
perl-File-Temp-0.231.100-4.el9.noarch
perl-File-stat-1.09-480.el9.noarch
perl-FileHandle-2.03-480.el9.noarch
perl-Getopt-Long-2.52-4.el9.noarch
perl-Getopt-Std-1.12-480.el9.noarch
perl-Git-2.39.3-1.el9_2.noarch
perl-HTTP-Tiny-0.076-460.el9.noarch
perl-IO-1.43-480.el9.aarch64
perl-IO-Socket-IP-0.41-5.el9.noarch
perl-IO-Socket-SSL-2.073-1.el9.noarch
perl-IPC-Open3-1.21-480.el9.noarch
perl-MIME-Base64-3.16-4.el9.aarch64
perl-Mozilla-CA-20200520-6.el9.noarch
perl-NDBM_File-1.15-480.el9.aarch64
perl-Net-SSLeay-1.92-2.el9.aarch64
perl-POSIX-1.94-480.el9.aarch64
perl-PathTools-3.78-461.el9.aarch64
perl-Pod-Escapes-1.07-460.el9.noarch
perl-Pod-Perldoc-3.28.01-461.el9.noarch
perl-Pod-Simple-3.42-4.el9.noarch
perl-Pod-Usage-2.01-4.el9.noarch
perl-Scalar-List-Utils-1.56-461.el9.aarch64
perl-SelectSaver-1.02-480.el9.noarch
perl-Socket-2.031-4.el9.aarch64
perl-Storable-3.21-460.el9.aarch64
perl-Symbol-1.08-480.el9.noarch
perl-Term-ANSIColor-5.01-461.el9.noarch
perl-Term-Cap-1.17-460.el9.noarch
perl-TermReadKey-2.38-11.el9.aarch64
perl-Text-ParseWords-3.30-460.el9.noarch
perl-Text-Tabs+Wrap-2013.0523-460.el9.noarch
perl-Time-Local-1.300-7.el9.noarch
perl-URI-5.09-3.el9.noarch
perl-base-2.27-480.el9.noarch
perl-constant-1.33-461.el9.noarch
perl-if-0.60.800-480.el9.noarch
perl-interpreter-5.32.1-480.el9.aarch64
perl-lib-0.65-480.el9.aarch64
perl-libnet-3.13-4.el9.noarch
perl-libs-5.32.1-480.el9.aarch64
perl-mro-1.23-480.el9.aarch64
perl-overload-1.31-480.el9.noarch
perl-overloading-0.02-480.el9.noarch
perl-parent-0.238-460.el9.noarch
perl-podlators-4.14-460.el9.noarch
perl-srpm-macros-1-41.el9.noarch
perl-subs-1.03-480.el9.noarch
perl-vars-1.05-480.el9.noarch
pesign-115-6.el9_1.rocky.2.aarch64
pkgconf-1.7.3-10.el9.aarch64
pkgconf-m4-1.7.3-10.el9.noarch
pkgconf-pkg-config-1.7.3-10.el9.aarch64
policycoreutils-3.5-1.el9.aarch64
policycoreutils-python-utils-3.5-1.el9.noarch
popt-1.18-8.el9.aarch64
procps-ng-3.3.17-11.el9.aarch64
pyproject-srpm-macros-1.6.2-1.el9.noarch
python-srpm-macros-3.9-52.el9.noarch
python3-3.9.16-1.el9.aarch64
python3-audit-3.0.7-103.el9.aarch64
python3-dateutil-2.8.1-6.el9.noarch
python3-dbus-1.2.18-2.el9.aarch64
python3-distro-1.5.0-7.el9.noarch
python3-dnf-4.14.0-5.el9_2.noarch
python3-dnf-plugins-core-4.3.0-5.el9_2.noarch
python3-gpg-1.15.1-6.el9.aarch64
python3-hawkey-0.69.0-3.el9_2.aarch64
python3-libcomps-0.1.18-1.el9.aarch64
python3-libdnf-0.69.0-3.el9_2.aarch64
python3-libs-3.9.16-1.el9.aarch64
python3-libselinux-3.5-1.el9.aarch64
python3-libsemanage-3.5-1.el9.aarch64
python3-pip-wheel-21.2.3-6.el9.noarch
python3-policycoreutils-3.5-1.el9.noarch
python3-rpm-4.16.1.3-22.el9.aarch64
python3-setools-4.4.1-1.el9.aarch64
python3-setuptools-53.0.0-12.el9.noarch
python3-setuptools-wheel-53.0.0-12.el9.noarch
python3-six-1.15.0-9.el9.noarch
python3-systemd-234-18.el9.aarch64
qt5-srpm-macros-5.15.3-1.el9.noarch
readline-8.1-4.el9.aarch64
redhat-rpm-config-199-1.el9.noarch
rocky-gpg-keys-9.2-1.4.el9.noarch
rocky-release-9.2-1.4.el9.noarch
rocky-repos-9.2-1.4.el9.noarch
rootfiles-8.1-31.el9.noarch
rpm-4.16.1.3-22.el9.aarch64
rpm-build-4.16.1.3-22.el9.aarch64
rpm-build-libs-4.16.1.3-22.el9.aarch64
rpm-libs-4.16.1.3-22.el9.aarch64
rpm-sign-libs-4.16.1.3-22.el9.aarch64
rust-srpm-macros-17-4.el9.noarch
scl-utils-2.0.3-4.el9.aarch64
sed-4.8-9.el9.aarch64
setup-2.13.7-9.el9.noarch
shadow-utils-4.9-6.el9.aarch64
sqlite-libs-3.34.1-6.el9_1.aarch64
systemd-libs-252-13.el9_2.aarch64
tar-1.34-6.el9_1.aarch64
tcl-8.6.10-7.el9.aarch64
tpm2-tss-3.0.3-8.el9.aarch64
tzdata-2023c-1.el9.noarch
unzip-6.0-56.el9.aarch64
usermode-1.114-4.el9.aarch64
util-linux-2.37.4-11.el9_2.aarch64
util-linux-core-2.37.4-11.el9_2.aarch64
vim-filesystem-8.2.2637-20.el9_1.noarch
vim-minimal-8.2.2637-20.el9_1.aarch64
xz-5.2.5-8.el9_0.aarch64
xz-libs-5.2.5-8.el9_0.aarch64
yum-4.14.0-5.el9_2.noarch
zip-3.0-35.el9.aarch64
zlib-1.2.11-39.el9.aarch64
zlib-devel-1.2.11-39.el9.aarch64
zstd-1.5.1-2.el9.aarch64
