2026-02-13 18:44:15,717 - Mock Version: 6.6
2026-02-13 18:44:15,725 - Start(bootstrap): chroot init
2026-02-13 18:44:15,758 - Start(bootstrap): cleaning package manager metadata
2026-02-13 18:44:15,758 - Finish(bootstrap): cleaning package manager metadata
2026-02-13 18:44:16,023 - Finish(bootstrap): chroot init
2026-02-13 18:44:16,027 - Start: chroot init
2026-02-13 18:44:16,042 - Start: unpacking root cache
2026-02-13 18:44:17,806 - Finish: unpacking root cache
2026-02-13 18:44:17,809 - Start: cleaning package manager metadata
2026-02-13 18:44:17,811 - Finish: cleaning package manager metadata
2026-02-13 18:44:18,089 - Start: dnf4 update
2026-02-13 18:44:19,226 - Finish: dnf4 update
2026-02-13 18:44:19,351 - Finish: chroot init
2026-02-13 18:44:19,352 - Start: build phase for shim-unsigned-aarch64-16.1-0.el9.src.rpm
2026-02-13 18:44:19,353 - Start: build setup for shim-unsigned-aarch64-16.1-0.el9.src.rpm
2026-02-13 18:44:24,478 - Finish: build setup for shim-unsigned-aarch64-16.1-0.el9.src.rpm
2026-02-13 18:44:24,479 - Start: rpmbuild shim-unsigned-aarch64-16.1-0.el9.src.rpm
2026-02-13 18:44:24,481 - Start: Outputting list of installed packages
2026-02-13 18:44:24,627 - Finish: Outputting list of installed packages
2026-02-13 18:44:41,328 - Finish: rpmbuild shim-unsigned-aarch64-16.1-0.el9.src.rpm
2026-02-13 18:44:41,337 - Finish: build phase for shim-unsigned-aarch64-16.1-0.el9.src.rpm
2026-02-13 18:44:41,343 - Finish: run
